[2026-06-20 21:59:21] Received webhook request.
[2026-06-20 21:59:21] Error: Empty request body.
[2026-06-20 22:00:16] Received webhook request.
[2026-06-20 22:00:16] Error: Empty request body.
[2026-06-20 22:00:17] Received webhook request.
[2026-06-20 22:00:17] Error: Empty request body.
[2026-06-20 22:00:17] Received webhook request.
[2026-06-20 22:00:17] Error: Empty request body.
[2026-06-20 22:00:23] Received webhook request.
[2026-06-20 22:00:23] Error: Empty request body.
[2026-06-20 22:00:23] Received webhook request.
[2026-06-20 22:00:23] Error: Empty request body.
[2026-06-20 22:00:23] Received webhook request.
[2026-06-20 22:00:23] Error: Empty request body.
[2026-06-20 22:01:37] Received webhook request.
[2026-06-20 22:01:37] Payload: {"destination":"U917fa6fe7885e6d1b36d91196e0cab15","events":[]}
[2026-06-20 22:01:37] Signature verified successfully.
[2026-06-20 22:02:23] Received webhook request.
[2026-06-20 22:02:23] Payload: {"destination":"U917fa6fe7885e6d1b36d91196e0cab15","events":[]}
[2026-06-20 22:02:23] Signature verified successfully.
[2026-06-20 22:07:50] Received webhook request.
[2026-06-20 22:07:50] Payload: {"destination":"U917fa6fe7885e6d1b36d91196e0cab15","events":[{"type":"leave","webhookEventId":"01KVJS5REDF9ABC5X0CDC7WHSP","deliveryContext":{"isRedelivery":false},"timestamp":1781968068553,"source":{"type":"group","groupId":"Cbd909400f26250677b259c8526aa7d26"},"mode":"active"}]}
[2026-06-20 22:07:50] Signature verified successfully.
[2026-06-20 22:07:50] Detected Group ID: Cbd909400f26250677b259c8526aa7d26
[2026-06-20 22:07:50] Successfully updated group ID in database to: Cbd909400f26250677b259c8526aa7d26
[2026-06-20 22:08:29] Received webhook request.
[2026-06-20 22:08:29] Payload: {"destination":"U917fa6fe7885e6d1b36d91196e0cab15","events":[{"type":"leave","webhookEventId":"01KVJS6YRS9MCKA70AHF8B47QJ","deliveryContext":{"isRedelivery":false},"timestamp":1781968107797,"source":{"type":"group","groupId":"Cbd909400f26250677b259c8526aa7d26"},"mode":"active"}]}
[2026-06-20 22:08:29] Signature verified successfully.
[2026-06-20 22:08:29] Detected Group ID: Cbd909400f26250677b259c8526aa7d26
[2026-06-20 22:10:21] Received webhook request.
[2026-06-20 22:10:21] Payload: {"destination":"U917fa6fe7885e6d1b36d91196e0cab15","events":[{"type":"leave","webhookEventId":"01KVJSABRQSEWKVGJVNF8KX18H","deliveryContext":{"isRedelivery":false},"timestamp":1781968219686,"source":{"type":"group","groupId":"Cbd909400f26250677b259c8526aa7d26"},"mode":"active"}]}
[2026-06-20 22:10:21] Signature verified successfully.
[2026-06-20 22:10:21] Detected Group ID: Cbd909400f26250677b259c8526aa7d26
[2026-06-20 22:13:58] Received webhook request.
[2026-06-20 22:13:58] Payload: {"destination":"U917fa6fe7885e6d1b36d91196e0cab15","events":[{"type":"leave","webhookEventId":"01KVJSGZTG43JAKXC1D0TVE5T5","deliveryContext":{"isRedelivery":false},"timestamp":1781968436984,"source":{"type":"group","groupId":"Cbd909400f26250677b259c8526aa7d26"},"mode":"active"}]}
[2026-06-20 22:13:58] Signature verified successfully.
[2026-06-20 22:13:58] Detected Group ID: Cbd909400f26250677b259c8526aa7d26
[2026-06-20 22:16:00] Received webhook request.
[2026-06-20 22:16:00] Error: Empty request body.
[2026-06-20 22:16:39] Received webhook request.
[2026-06-20 22:16:39] Payload: {"destination":"U917fa6fe7885e6d1b36d91196e0cab15","events":[{"type":"leave","webhookEventId":"01KVJSM1PR8JHPP7D5FC3XZN6A","deliveryContext":{"isRedelivery":true},"timestamp":1781968537080,"source":{"type":"group","groupId":"C18c4fc1422b1dc8bcf00d2b877acbf62"},"mode":"active"}]}
[2026-06-20 22:16:39] Signature verified successfully.
[2026-06-20 22:16:39] Detected Group ID: C18c4fc1422b1dc8bcf00d2b877acbf62
[2026-06-20 22:16:39] Successfully updated group ID in database to: C18c4fc1422b1dc8bcf00d2b877acbf62
[2026-06-20 22:21:29] Received webhook request.
[2026-06-20 22:21:29] Payload: {"destination":"U917fa6fe7885e6d1b36d91196e0cab15","events":[{"type":"join","webhookEventId":"01KVJSYRYWTE2J50VZH601SST9","deliveryContext":{"isRedelivery":false},"timestamp":1781968888370,"source":{"type":"group","groupId":"C18c4fc1422b1dc8bcf00d2b877acbf62"},"replyToken":"aed612001ce242b68c899689230e0026","mode":"active"}]}
[2026-06-20 22:21:29] Signature verified successfully.
[2026-06-20 22:21:29] Detected Group ID: C18c4fc1422b1dc8bcf00d2b877acbf62
[2026-06-20 22:21:29] Bot joined group. Sending welcome message...
[2026-06-20 22:21:30] Welcome API response code: 200, response: {"sentMessages":[{"id":"619310101471690753","quoteToken":"2fWy_3ZJCA6Ns5GjU1xPNIlK805r1lH7R-UPk53Z3CYGyiCxZvESTqXEPc5CRmvIelq3iEoqtd6iFtAq_vu934Fa8emq_EDirDtLpd-0OZTK8hYhjDvBr9G-kKunkiPwcbeGzcPvOGCIncV9Qddanw"}]}
[2026-06-20 22:31:36][Notification] Pushing message to Group/Room ID: C18c4fc1422b1dc8bcf00d2b877acbf62
[2026-06-20 22:31:37][Notification] LINE API response code: 200, Response: {"sentMessages":[{"id":"619311119781593599","quoteToken":"vDoLU7GqRyOB8jl6Mn8SHJAFT-iDWOXd8n3r9VgFllwgXinkWwv8sXA-gUNAkWcz9j7r1YKvNYHGVu1IaSJzWRPigfoM8bZSk5G1XL391g7xeeZakuKlzMHMQSJKL_LwvCd39yNqeuWweT5NLkVB4Q"}]}
[2026-06-20 22:32:45][Notification] Pushing message to Group/Room ID: C18c4fc1422b1dc8bcf00d2b877acbf62
[2026-06-20 22:32:45][Notification] LINE API response code: 200, Response: {"sentMessages":[{"id":"619311234957181439","quoteToken":"QtyykuTVoYRylDIbex5SizgxplTt-SQuBNM-sfU-10PrPfROQtZu7IBnyx2Z8mwNAxKtN04ocjrftmjU-Xv5OmVuPAcxvhIx-lwDHe6zKkM-7WFtuRkU4c7Q4kcOShqWkIv9bZrifI3raVR1uf26Lw"}]}
[2026-06-20 22:32:54][Notification] Pushing message to Group/Room ID: C18c4fc1422b1dc8bcf00d2b877acbf62
[2026-06-20 22:32:54][Notification] LINE API response code: 200, Response: {"sentMessages":[{"id":"619311249637245133","quoteToken":"8oCSinCGk5Fyl23pnE6k_jDctwQLEaCsE9FulvbCxE-o_LXp81W3UK2cAkwQImvaJhTgKegVQvZGzZ3tIX3mUuEpR7VcXoAPZx4kg061Kds39Zft8H5JqvFFbu_K2l7nEyeyjKQ_uRTgopZJisPcpg"}]}
[2026-06-20 22:36:20][Notification] Pushing message to Group/Room ID: C18c4fc1422b1dc8bcf00d2b877acbf62
[2026-06-20 22:36:21][Notification] LINE API response code: 200, Response: {"sentMessages":[{"id":"619311596036423749","quoteToken":"Q404th85BwWE3E7C4T-UtCpZq43Nt-VPZbfXo_uH6ECRTQ_DtQ3oqxMkNUgcWdlaoNhmuqLG08h6faRmt9KI6oxfV7rGdC9Nu7iUWHoGhnmy8XxJ_xYazGGE6KjlXAlSsRZuCsLw5zABp6Oj7_U9jQ"}]}
[2026-06-20 22:42:14][Notification] Pushing message to Group/Room ID: C18c4fc1422b1dc8bcf00d2b877acbf62
[2026-06-20 22:42:14][Notification] LINE API response code: 200, Response: {"sentMessages":[{"id":"619312189748019648","quoteToken":"WuQOwsDgRfeZFJkSzRQyb22HQLFqQDnGjQjskRwKjVhpuTqmSFNJIp3DiALR1pqj7pzFsxhzKJo6eo5OcqZXFykuc4axI7ySPq7P8f0Z5YSWTGVl0GJMMOiV-a9ev7vewX7O5XM4hXxQjyJAM_l1GA"}]}
[2026-06-20 22:42:26][Notification] Pushing message to Group/Room ID: C18c4fc1422b1dc8bcf00d2b877acbf62
[2026-06-20 22:42:27][Notification] LINE API response code: 200, Response: {"sentMessages":[{"id":"619312210149900497","quoteToken":"fO5z--0Lx4_5axrfcqW6T_j_Tjtnv2tkr5NhEnp4Jq-TDzkk9-mufydKGCFzK9M5JKL8d-Cxakn2W8yIP73FpmYtdqOYMfFFhhepczQMGW9hRXf5qbn2dM6rwJt7Dunemsq8t8_pRQKEKPk9oZsZCQ"}]}
[2026-06-20 22:46:19][Notification] Pushing message to Group/Room ID: C18c4fc1422b1dc8bcf00d2b877acbf62
[2026-06-20 22:46:20][Notification] LINE API response code: 200, Response: {"sentMessages":[{"id":"619312600840143347","quoteToken":"bC1_fjZxRfl2ghxoQKYK8GAOxejL4orDYqQNx4H_T3dgDVJrmE7XVO35GXwL6c27cpRFCb0cOYv7SiEDkp-FyQAXBDhtT8RbqKFqiFD66FAz9fRqKKsMHXMl_v4Q1l4LGBDiwwiVYM4pzzeFhuZKvg"}]}
[2026-06-20 22:48:47][Notification] Pushing message to Group/Room ID: C18c4fc1422b1dc8bcf00d2b877acbf62
[2026-06-20 22:48:48][Notification] LINE API response code: 200, Response: {"sentMessages":[{"id":"619312849512563012","quoteToken":"sBUykX3lFOF9FdDSKhRjkWsINBijnnBin2LvFvzmT421TcZfJCboti5_jCAP_e8E1e3hrIFs7ccFzxKaGk2i6S3IGSc3JUi6jjNbZ_jlNKbrhpD5AWqiPgzGhJrG7Rj9PWt4TyhuVA8eYADMkGAX0A"}]}
[2026-06-20 22:49:52][Notification] Pushing message to Group/Room ID: C18c4fc1422b1dc8bcf00d2b877acbf62
[2026-06-20 22:49:52][Notification] LINE API response code: 200, Response: {"sentMessages":[{"id":"619312957994041668","quoteToken":"D8U-bkUMwFf7pyHBYyiEL-V-Tx1HLilE5oxAzGr1IQPu4NYOLAq1heDf5rzyfLvBDM5SGV-SxE9PwjguDU9MvYpHGZoOgurWutlZjqp2eBSkWms5gMULkIiacmxivWe12EMuV8whkGiZGSkx304laQ"}]}
[2026-06-21 11:11:33][Notification] Pushing message to Group/Room ID: C18c4fc1422b1dc8bcf00d2b877acbf62
[2026-06-21 11:11:33][Notification] LINE API response code: 200, Response: {"sentMessages":[{"id":"619387617796424021","quoteToken":"_pK58BWTikKx5FdPXFhd-msZGmJ59ujFRi85-IlyKchMbLey9tYGcb_ul8NksNMWTIZB365zMBUEEbinsHpgT6TTe_X8V2szcQCI200ULHB3HV5WbLqToC3V0Sm5W3sEYa9yA8_GG7my50XSRskf7A"}]}
[2026-06-21 11:20:46][Notification] Pushing message to Group/Room ID: C18c4fc1422b1dc8bcf00d2b877acbf62
[2026-06-21 11:20:46][Notification] LINE API response code: 200, Response: {"sentMessages":[{"id":"619388545626275984","quoteToken":"DysCHaEzp_CW3Y_yDLoTfEFsWLiEjIDOlDEFFHqhSCwzDf_R5LfA-6tjw24buT47T0Oqn8mhtQhLORnhVuQD1eXqK-GBeQXDAYdBkPBshBU_7K0HGu9cTCdEEmSKrBoXagqrByZu9MDklPQRIwpQVQ"}]}
[2026-06-21 11:42:01][Notification] Pushing message to Group/Room ID: C18c4fc1422b1dc8bcf00d2b877acbf62
[2026-06-21 11:42:01][Notification] LINE API response code: 200, Response: {"sentMessages":[{"id":"619390684973760738","quoteToken":"mLKlF_3C-LytbV1LtmNxj1rEEoRFZSjAdKlzHBhdJpJ3Mhpl_XzBiIVnkO4mV3atqmn1U4JiOgAJaVxqdsvhtce5n2BfLPFsAWORFDCjtqe5QcUU--VS9r_Nnd7TqOMtTYiC83tJOgJipldenpdfEg"}]}
[2026-06-21 11:49:01][Notification] Pushing message to Group/Room ID: C18c4fc1422b1dc8bcf00d2b877acbf62
[2026-06-21 11:49:01][Notification] LINE API response code: 200, Response: {"sentMessages":[{"id":"619391388996075523","quoteToken":"t0uqcSybypL8-hjqp_k8KlXtWOEOQE3_Foe2A1eU5TrttERveTMRAqcI4t2kNJHnlol31sgU7VY-v5dc9z_j2BCd--mpHRXpCjVA0u6gBZ2eXwVRhH5mKe9QnBmAuHN6y5uPgDKhrjEdus-plx3uYw"}]}
[2026-06-21 11:51:20][Notification] Pushing message to Group/Room ID: C18c4fc1422b1dc8bcf00d2b877acbf62
[2026-06-21 11:51:21][Notification] LINE API response code: 200, Response: {"sentMessages":[{"id":"619391623558070566","quoteToken":"9HOyv6ri2_u1AuzV6jQ06jElKTAPM6BLg8nBk5TUzhy2YdbAcbb0qvAuUqN_dLadxvtOIjPQcntkWarpXTjvzGz5Fhv8OMF6zfdXjsCZi27bEdZshIW1TW_boAQWjG-VfZ-Z7nLQFPPrOxOhCBlyIQ"}]}
[2026-06-23 10:40:56][Notification] Pushing message to Group/Room ID: C18c4fc1422b1dc8bcf00d2b877acbf62
[2026-06-23 10:40:56][Notification] LINE API response code: 200, Response: {"sentMessages":[{"id":"619674446214463600","quoteToken":"mDG4p7oKMNptTRyxv-ISpzPEEWh6ur9e-xYIuyGZqbMt1uIy8W-jQbzkk6Kh7mE4WPB1VqkyRwkTkoNX14hEOnbf6JAmOD3LP_1y-1cT5Yy6N_MPxMTtap2QDVx0R_eZq3GoV6JTtiL5fSoqeaA4ig"}]}
[2026-06-23 10:48:58][Notification] Pushing message to Group/Room ID: C18c4fc1422b1dc8bcf00d2b877acbf62
[2026-06-23 10:48:58][Notification] LINE API response code: 200, Response: {"sentMessages":[{"id":"619675255127933220","quoteToken":"wbe_tsnjTv4Fq1vh158Krr-SE0-1h_UIq9tHy63meqO-QqUQmppekmYmxQyJe6Rr-KDETKbE622i9V1jyaiJhZUHK6iZLOaJN1pCZyOtOsv_80wmdhh0rL-zajJddoS78dV9GMqmprT5BKC5fHM4QA"}]}
[2026-06-23 10:51:48][Notification] Pushing message to Group/Room ID: C18c4fc1422b1dc8bcf00d2b877acbf62
[2026-06-23 10:51:49][Notification] LINE API response code: 200, Response: {"sentMessages":[{"id":"619675540743258117","quoteToken":"QQZYIheHqnBBLPdkda6aF0gDn2xCO2CJgUKWdsPw3IofRWgBvELqybMXkhb1XwNjVeOF-r0dmcMKrwg6ne1DNTzrofyAq7rnNxTGfgv50MihLudDAxr3US8mWMgqKUU-5pBdRpmFkbX_wPKVmSV35A"}]}
[2026-06-23 10:57:20][Notification] Pushing message to Group/Room ID: C18c4fc1422b1dc8bcf00d2b877acbf62
[2026-06-23 10:57:20][Notification] LINE API response code: 200, Response: {"sentMessages":[{"id":"619676097377993336","quoteToken":"_rDR-FT1LnobGO2W1eMpPu1XRSfNbLXbkDcTEmBHP3NmChe9QMMhs_H5FIZKmsAk30AmpSZTJ4fmIsCY3b5iOB0CC00qUrQaeX6V69W3TWCirUsL5I3Xfafw8iDBWIPjDASadutVd9zR80QV0YZ7fQ"}]}
[2026-06-23 11:26:33][Notification] Pushing message to Group/Room ID: C18c4fc1422b1dc8bcf00d2b877acbf62
[2026-06-23 11:26:33][Notification] LINE API response code: 200, Response: {"sentMessages":[{"id":"619679037535027749","quoteToken":"BEr_WC4bKe-mVwLMOMPjhnp57TGy3veAgfWtXZx_cLQt4M0lnVtkyF9I8GojGTO46AXBldP_wEYOfGdawT4uNldAZvT7bTXQiPv44A2Cfzsa-Mj_N9qoj4qZOsfIxUKBzmevkJhvOS--BaAaMcBByg"}]}
[2026-06-23 17:24:32][Notification] Pushing message to Group/Room ID: C18c4fc1422b1dc8bcf00d2b877acbf62
[2026-06-23 17:24:33][Notification] LINE API response code: 200, Response: {"sentMessages":[{"id":"619715074658927144","quoteToken":"ho_LJ5h8Ro7UJs98vc2k5Sl_QejpIDVe7ZZwDQZxrqdGfw0nmIWKCkMNPk8B2XbMeSvIWZDKOJlWu4Qc8jomaz4SvCPiyFgY4OvH-huiPiZfqJOnDeosSeMQ3dWaXPs5wl4gjhEtw1FWpXl9s1KjfA"}]}
[2026-06-27 09:32:49][Notification] Pushing message to Group/Room ID: C18c4fc1422b1dc8bcf00d2b877acbf62
[2026-06-27 09:32:50][Notification] LINE API response code: 200, Response: {"sentMessages":[{"id":"620247411109397144","quoteToken":"zdylfbrbfjhkRLoa0v-O6_kxdLk1YD4MF1YBi_EDgjHxPajuubMyl4b2IBg-zWcrKwMFurO7GLDw_uRd-fC9EH4OdHWdduNOseOjbq0MeYHmjJw7asrVht2s3lwJG9ABU88ERjC6MufeJ2fAiNGSKQ"}]}
[2026-06-27 12:54:47][Notification] Pushing message to Group/Room ID: C18c4fc1422b1dc8bcf00d2b877acbf62
[2026-06-27 12:54:47][Notification] LINE API response code: 200, Response: {"sentMessages":[{"id":"620267740817260615","quoteToken":"wcYOJ3YAsfIiH-PRJFI8LC3bMoJBBHWqtVRZ7KcZMkJejoIkL6HvRy4CdpbpRexh4ey8CLe1FBJXMrwCJFHGDlogzR9F6xohwyg61kbWH41gBHUWEFFa5DRjqa8l8ruCc4e4Me3vANzfSq7RLUqdPQ"}]}
[2026-06-27 12:55:44][Notification] Pushing message to Group/Room ID: C18c4fc1422b1dc8bcf00d2b877acbf62
[2026-06-27 12:55:44][Notification] LINE API response code: 200, Response: {"sentMessages":[{"id":"620267835892957360","quoteToken":"RVT0gVfRmgu5DRedyco6sTQ-nI8wkDboadcnf-dN8VLspxfXdyVRxau3pAqS-I4fduE1xVHyT86XQ3y4V93t-o5AiH1chaHc92lINoJ1huT7O421BwLyd23PjOHKuI69tu-NPPzqwZ22NzvC0cZWAQ"}]}
[2026-06-27 12:56:34][Notification] Pushing message to Group/Room ID: C18c4fc1422b1dc8bcf00d2b877acbf62
[2026-06-27 12:56:34][Notification] LINE API response code: 200, Response: {"sentMessages":[{"id":"620267920148136065","quoteToken":"jS7HBwQ3Ls89uLk6hGJ4PLoeFnE3tLeCrjN3eAfPk4PXypYmD6WGcxdcUCijkLrMapDXkDV02mfxZrSt4qK-2Vdu6mU77ZEOB7E8r0yQZkcQk27hzK4wG2FtgtqU2v-BK8TF7TmauRAPWy6hmaxIPg"}]}
[2026-06-27 13:01:07][Notification] Pushing message to Group/Room ID: C18c4fc1422b1dc8bcf00d2b877acbf62
[2026-06-27 13:01:08][Notification] LINE API response code: 200, Response: {"sentMessages":[{"id":"620268378954662098","quoteToken":"VQqvx9LUroq8ldp1g8FssomCA2DoH3P1LW_eXpjWqG-pxoQzLa2S8RLmtrmR5o7yidrNsWRxPcP7cZAh2X__omcxHTBo6WPNv0DzR7IbNFD0hDdxqqIBcNfR8kNBoW4_6gk_JdxoMYz4FHWC-A_E5Q"}]}
[2026-06-27 13:01:50][Notification] Pushing message to Group/Room ID: C18c4fc1422b1dc8bcf00d2b877acbf62
[2026-06-27 13:01:50][Notification] LINE API response code: 200, Response: {"sentMessages":[{"id":"620268450492973445","quoteToken":"32hnVfyUYcagZsSw5BBZjPjPEi_fwD4ttWN61WS-_ypJTjJ9Bc4gpFdJpxDAiqOuwxB3lH2DSqaTnFOHb7mt7pBceb_T2rRSWVKeiSMism81drxXgQwCrNUMPajBuP3hhX65frq3zZQdDm2qwLMnbA"}]}
[2026-06-27 13:02:36][Notification] Pushing message to Group/Room ID: C18c4fc1422b1dc8bcf00d2b877acbf62
[2026-06-27 13:02:36][Notification] LINE API response code: 200, Response: {"sentMessages":[{"id":"620268527466840528","quoteToken":"3RMPltXi6unCK4KjqUdH0vjp3vtSHGD8mgx67lHS-mrPTf3NEetSyDVxFQ2_NcYnvQHJQlt20yL4wmOfzAYTiPusxhNjeIh-YjQikJ3l9BTUVEs70E2c8Mi-bMT7-l6KaB9bQn87AiW1QAcmBARrpQ"}]}
[2026-06-27 13:04:21][Notification] Pushing message to Group/Room ID: C18c4fc1422b1dc8bcf00d2b877acbf62
[2026-06-27 13:04:21][Notification] LINE API response code: 200, Response: {"sentMessages":[{"id":"620268703560761687","quoteToken":"5oAuUVmzCFlyuUXidYrHejk49FjSmLJuqt3GNPDaReuH6N7Dx5lnG9Jik8qmkvexApzau_Kffwi9xpTB0wjhR4gyNFC7YyK8dkHzLrR75wfO5wyOd-UMDyZlR3vdZJJn2OcHMObeMcSzX4XX1PmQnw"}]}
[2026-06-27 13:06:32][Notification] Pushing message to Group/Room ID: C18c4fc1422b1dc8bcf00d2b877acbf62
[2026-06-27 13:06:32][Notification] LINE API response code: 200, Response: {"sentMessages":[{"id":"620268923660534208","quoteToken":"3PO_FY8QfqWdwBoB7qKPTFZyFlzisA5o3L8UATvnvlMoEvZhrdrQpR63SDdKsjcD-wr3bey8y3n8ZtUPDM3ezhCtUnh4gJId2oDqGRKqGcL59w2KSI_wg96LifkEEonQbTlqrG4MJTDhNzWJ3usDBw"}]}
[2026-06-27 13:07:52][Notification] Pushing message to Group/Room ID: C18c4fc1422b1dc8bcf00d2b877acbf62
[2026-06-27 13:07:52][Notification] LINE API response code: 200, Response: {"sentMessages":[{"id":"620269058046820371","quoteToken":"ybaJ4OG_A1_qJ1CB-fDp4a_QoR3cdjr6LHjUUivA6KYAs5VdWiZ1ExwJ-gjcl5q4rPrB1TrlxEEbyyT7zwSX1J5w_gs9IxvTJozA9FOW6PNQf_nXq6jzzZj9pxIRYQ-_5VZJAaFlxiLOzNM9qGoe1Q"}]}
[2026-06-27 13:08:58][Notification] Pushing message to Group/Room ID: C18c4fc1422b1dc8bcf00d2b877acbf62
[2026-06-27 13:08:59][Notification] LINE API response code: 200, Response: {"sentMessages":[{"id":"620269169329569830","quoteToken":"0mHhqV3XN7MVIGz0DZfmp_CfxGugmUCyrJT_uMQ2RPTDY8IhpNcxiftaoA55x-6A1UjCe3zI3nEzk67irKveGw7SIS1mXWwH5KIhKgFRGeAz4jgTAzDEJqBLd767Jcr-6dxk4fNuMyfOfmJxbS_zVA"}]}
[2026-06-27 13:09:49][Notification] Pushing message to Group/Room ID: C18c4fc1422b1dc8bcf00d2b877acbf62
[2026-06-27 13:09:50][Notification] LINE API response code: 200, Response: {"sentMessages":[{"id":"620269254909886551","quoteToken":"CgnZEr2WT7OZWxjthZqwGHiG7E4spYQQ-DPe30eOMyqsnfwdiGr9-WTFYLQcog52EXT9bR331W7ts2EBp6f5WcFJ0peCuOyEDsEp_tZsxVXRIftYp-zVhOs96eQziczWJilDnTZUgR14FMnLp_Ugrg"}]}
[2026-06-27 13:10:55][Notification] Pushing message to Group/Room ID: C18c4fc1422b1dc8bcf00d2b877acbf62
[2026-06-27 13:10:56][Notification] LINE API response code: 200, Response: {"sentMessages":[{"id":"620269365640299028","quoteToken":"juxktlpbKedS0q2UPwS3yyfwoKbTndMgahWLrdc4EFom-OJTvY7FEO5pydRZb1u3_GRoV3Ho5siTqfq1jIjtlAXnNeZLZP09qlO_SGfeSEbX-EhiSiH7VFeSYuYdW9nBmghgsfSH_uljao__E11Duw"}]}
[2026-06-27 13:11:55][Notification] Pushing message to Group/Room ID: C18c4fc1422b1dc8bcf00d2b877acbf62
[2026-06-27 13:11:55][Notification] LINE API response code: 200, Response: {"sentMessages":[{"id":"620269465011224630","quoteToken":"DlgL00fBqjRODR-pxVu6mOHV5C901kK8h7xg7gydAUum4AFiqU8wI7HXtGDUD47IRGNoqdElum2KV2iWVlhYrd2yZqwONuKWK0IZXoTu4KnEBzGtw-NkYNjgWe4-38UIFeftwy-eAC9Qq2SDOYhbUQ"}]}
[2026-06-27 13:12:58][Notification] Pushing message to Group/Room ID: C18c4fc1422b1dc8bcf00d2b877acbf62
[2026-06-27 13:12:59][Notification] LINE API response code: 200, Response: {"sentMessages":[{"id":"620269571647472129","quoteToken":"MDtZm5CEFEe8WESwBrON0g0rjDiaJ94-pLxIRLQhZdhDaCk4isM6QPGhZvVhYu5HWx-fzROOx9sKGnpjSHKredOEY0wZFLxy6P84_PEduwWJPOw0StwqkZCtuh32I5H0ZRgteyeLEl52tgPzYhRVsA"}]}
[2026-06-27 13:14:08][Notification] Pushing message to Group/Room ID: C18c4fc1422b1dc8bcf00d2b877acbf62
[2026-06-27 13:14:08][Notification] LINE API response code: 200, Response: {"sentMessages":[{"id":"620269688819286462","quoteToken":"G9rQto9RFjs6NXiCvmSUPo-XX0Cs7cKSAk9WsfvriSVWlrB8uOtgBfqC0jNhBgWpSNMvrJH1DQTFvFT--91qgYJo2W8Rm1jtITTkVQItvIM6Zs2wY6WYHCLWehwTtspgZt-VF0DY1en-_XuX98eJrA"}]}
[2026-06-27 13:15:21][Notification] Pushing message to Group/Room ID: C18c4fc1422b1dc8bcf00d2b877acbf62
[2026-06-27 13:15:21][Notification] LINE API response code: 200, Response: {"sentMessages":[{"id":"620269810370215977","quoteToken":"p5r9ZyvATrpb61_QqCsc7iJrTBvHPt9PDTH04QAevt3hIFSjNJPKhA96Bdzqz2YLSxxXIJVTFk9IRoVIYvgytrBwCuLYjTcYaaLq6Azg0CcI1Rwr8P2j3j-wVkzGdvIoY1Ym7Q6lwBV6XvtPyvRYew"}]}
[2026-06-27 13:16:20][Notification] Pushing message to Group/Room ID: C18c4fc1422b1dc8bcf00d2b877acbf62
[2026-06-27 13:16:21][Notification] LINE API response code: 200, Response: {"sentMessages":[{"id":"620269910781591648","quoteToken":"Et21X_JL-68NorSbfIerxk5kAkp06XETmDIWKvGfXJ5OjGUOfKZqdeFmVQhR9rO1Y5DqHUsPkZKkHRiR-tU_T-wm5tPxmgZmJUi9m9rfjw_VrglbMqo0_z-bZvGKcg71eG8MAu8OFW98R20RSR6qKA"}]}
[2026-06-27 13:17:01][Notification] Pushing message to Group/Room ID: C18c4fc1422b1dc8bcf00d2b877acbf62
[2026-06-27 13:17:02][Notification] LINE API response code: 200, Response: {"sentMessages":[{"id":"620269979853652412","quoteToken":"gZYvKBd3APe00HyKMhYWl5rqUfB5GXgUJyo2wLVdawplayPopO1nRvOQWqFUiJUAxKZUG0gpWkoN9ubEwDI_Q_ovMh3Y23kQu4GSBeA2SA86icMuZSpf_9ySAHVjojqfmP8aQ4J2CiTTso4H8xjuoQ"}]}
[2026-06-27 13:17:59][Notification] Pushing message to Group/Room ID: C18c4fc1422b1dc8bcf00d2b877acbf62
[2026-06-27 13:17:59][Notification] LINE API response code: 200, Response: {"sentMessages":[{"id":"620270076389491140","quoteToken":"xZq0Sxn3EH-lZZuxflief4ByfKQNQhc8lgzVXfQ1xS-npjz9Yu3zvdJm4lQ5-ogAz2Bt8W3dJVpjRB3kVrJvXiuMwhUPT4u9XL5gvFugatYLLc1st2fX7xCbxwCnSjK_69ELV_B-yF3Pz8j7GMxNzg"}]}
[2026-06-27 13:18:45][Notification] Pushing message to Group/Room ID: C18c4fc1422b1dc8bcf00d2b877acbf62
[2026-06-27 13:18:45][Notification] LINE API response code: 200, Response: {"sentMessages":[{"id":"620270152843264363","quoteToken":"mBouZ-HaZWjVJAbzExIM5v3_GlPzwzKIu_9NceIUGOxyh2NasU7IUI2KspMxnd5tGFos6hrI13HrJr0T7-jBEfnvafqt8n0JlTDeqNHXHXe7LicQPtg_78XuugxL4ZwLmJi2t5UJ1b6PYR0qZBUysg"}]}
[2026-06-27 13:20:11][Notification] Pushing message to Group/Room ID: C18c4fc1422b1dc8bcf00d2b877acbf62
[2026-06-27 13:20:11][Notification] LINE API response code: 200, Response: {"sentMessages":[{"id":"620270297312395690","quoteToken":"rwXgBeNRabtfV9Q3qq0yXGlgE2ZUg_va4jbhWA99oPChS4xRNqIfP0Yv4Onurm3plmQ671xMnOEif1EEz9y-NcQY0F4NUK4dYVKl4pGwnJqcjxBoAGIBN0mSvyNOUClpxeCh19klLnSWwyyxxSHrbg"}]}
[2026-06-27 13:21:51][Notification] Pushing message to Group/Room ID: C18c4fc1422b1dc8bcf00d2b877acbf62
[2026-06-27 13:21:51][Notification] LINE API response code: 200, Response: {"sentMessages":[{"id":"620270465470431290","quoteToken":"i-wDjR5Lt2PuVQVDnCPW8ITDIUCxkAx8BHhIq7cPFFUmBkpvguawC7CUrKM_GWG8n_hx4cyxNXNkcIjm2ZQimF2SEKJD8jBMPbEhfQxU7lo1Xqj-ZTYo5LjR8qXrnuNvXEmZDus2FJlbRP9YnNeZBA"}]}
[2026-06-27 13:22:41][Notification] Pushing message to Group/Room ID: C18c4fc1422b1dc8bcf00d2b877acbf62
[2026-06-27 13:22:41][Notification] LINE API response code: 200, Response: {"sentMessages":[{"id":"620270549171962163","quoteToken":"cspgI4g7sJXUtEkn5EIXFNPkP9MpOMUCunGQj5apO6KLNwDKGSH6ge90Xk7j6U8hqCBh3E33AFja5JuxYrgrBevgPPot0M_jCf5Ozk3CHgDC5kUt_LBIxA0zFVlakslXIrzoapZCElzIax6DkBYPvA"}]}
[2026-06-27 13:24:21][Notification] Pushing message to Group/Room ID: C18c4fc1422b1dc8bcf00d2b877acbf62
[2026-06-27 13:24:21][Notification] LINE API response code: 200, Response: {"sentMessages":[{"id":"620270716541468932","quoteToken":"Es85GdlEFO0GFEBYft8T8Ft8s-8NwwMIHQ7_KAp1szAweygHs1crvmKq_PKhAnvaeqn70hXQVubyEs_0b2e0GKoHloiYFb2ReHqzSnJ5S5lUpYK7QB7rSuXgnYWbqci-_fwBmAgJHxVRMMDMpVQZ5A"}]}
[2026-06-27 13:26:08][Notification] Pushing message to Group/Room ID: C18c4fc1422b1dc8bcf00d2b877acbf62
[2026-06-27 13:26:09][Notification] LINE API response code: 200, Response: {"sentMessages":[{"id":"620270896963387603","quoteToken":"Rgu29wHcmgVcKJfdGNnjvq_WV5XEYwm9Lqfu6xDkmGUWNXsU3_T7Bb3md0X-wabgX7HSotjus0bb_--9y1cJJXBFbZjX4C6KfB6w4xZ_ttEGMadKa-TeSaNhGRtwEgTfffRVhJ3PnNE2KQbaUI6FtQ"}]}
[2026-06-27 13:28:44][Notification] Pushing message to Group/Room ID: C18c4fc1422b1dc8bcf00d2b877acbf62
[2026-06-27 13:28:44][Notification] LINE API response code: 200, Response: {"sentMessages":[{"id":"620271157848834651","quoteToken":"cLyKHQrD3gFbVu5EPRq4BgKmfcfJAn2VHPmtBdEEfvgWIk1vLeH9rFvdBu-kOe81Q0_Q39RiSZh1pu0v0OvVnHZpH1MXPqdFB2ywIHL3JCTPj-gI5K7YG-EYvRaRJBxRdk_sXSoiMnyl7lpOE1CEDg"}]}
[2026-06-27 13:29:18][Notification] Pushing message to Group/Room ID: C18c4fc1422b1dc8bcf00d2b877acbf62
[2026-06-27 13:29:18][Notification] LINE API response code: 200, Response: {"sentMessages":[{"id":"620271214640497053","quoteToken":"sgW0vtUikfaf3igpC2q8wyONX3UmilFYOs-kSEJUPIIaPWHK3bBv7MeTmHMDSkJ3H44yd_oXbEutwF6UyycRB05TyaslDwgu-jNTF_oUTOCFJG8NNeFwkEepv1P1RCclSKd6ofe1HzaMZgNrpoO8SA"}]}
[2026-06-27 13:30:00][Notification] Pushing message to Group/Room ID: C18c4fc1422b1dc8bcf00d2b877acbf62
[2026-06-27 13:30:00][Notification] LINE API response code: 200, Response: {"sentMessages":[{"id":"620271285137834570","quoteToken":"N3vKaX53NiGmfsfubyHQ8WTIohuHUrgImWNVVu5AlKCCArmiGawB8iATgDDmJ88-xsHbMxEi8hd1vSyMTWAMs-BgqeDb-lw5zk33HD_Z1KO4o4_ShOtfuhxGGlg7oRg3Q1-cSCFzyJBD9RDPYFqn9A"}]}
[2026-06-27 13:30:15][Notification] Pushing message to Group/Room ID: C18c4fc1422b1dc8bcf00d2b877acbf62
[2026-06-27 13:30:16][Notification] LINE API response code: 200, Response: {"sentMessages":[{"id":"620271311293514098","quoteToken":"iTp1BOlAl9GutflqhLY2-XQ0yf-p4ZK2Z2vaPYngEpBGMFp0_v1GfuuV184ABqoQ1d6-VfV9PG1Dlmx-4UtKehpSYCTItKVyNoVb0yeF5g-p1uCoatdHJTJDDMN6F-H__v9JGXyqk0lcnk-JYUr00w"}]}
[2026-06-27 13:32:08][Notification] Pushing message to Group/Room ID: C18c4fc1422b1dc8bcf00d2b877acbf62
[2026-06-27 13:32:08][Notification] LINE API response code: 200, Response: {"sentMessages":[{"id":"620271500053709152","quoteToken":"h5guHysJJGSNfS_CnmoVcFy4R_nb_DbKiZGLKZcQH6R-ecHhKm4IjVRh4vhfZQqKcTmLNrDfdntJQtoNC9MEhDaxabV9a8Bst9wV3P1MJvpSADUGw543VwhOLH-t0s-qP6rKEhexf4Fx2R3zxqHdvA"}]}
[2026-06-27 13:32:50][Notification] Pushing message to Group/Room ID: C18c4fc1422b1dc8bcf00d2b877acbf62
[2026-06-27 13:32:50][Notification] LINE API response code: 200, Response: {"sentMessages":[{"id":"620271571357139048","quoteToken":"P6RJnlrGYVuaQezxnVAeoo8wXc5K0gQaNsn8O57QlbIKwJbfyAIjBhDfV7GDj4Cou9kfzuV9ul7lmc-dZ7dahUktuAVaRqrnB16vwMlaCMpSOVGftrgaYi4K9BVnuvOMrJSyPumfbfyLCE9OUZOvjQ"}]}
[2026-06-27 13:33:31][Notification] Pushing message to Group/Room ID: C18c4fc1422b1dc8bcf00d2b877acbf62
[2026-06-27 13:33:31][Notification] LINE API response code: 200, Response: {"sentMessages":[{"id":"620271639841997074","quoteToken":"Be8rNV2UdzQbzrNtq1c3PGH3R0ytRbzAb9brEJTBnPn1tHkA4tll2_aPWeMmH8H2Bf8OJuse5y_oVmvWNVMMvmz_54JH9S9_eUol-icgMxFcHjXo03OTD7qUKK_FjFp2wXkIGwudTMuKtokDxNw1jw"}]}
[2026-06-27 13:34:15][Notification] Pushing message to Group/Room ID: C18c4fc1422b1dc8bcf00d2b877acbf62
[2026-06-27 13:34:15][Notification] LINE API response code: 200, Response: {"sentMessages":[{"id":"620271713611415694","quoteToken":"g0E6XUkZD9gKVSzWZwJuCDDJxaflDOuVGajuHliDTQNpWjgxSiM_qDby2KniO9CIjfJaKxxRyGn2LXjOsW6FDPnPKa5baWf4hqLH29hJjnArf6-RjBNAcB02sv-f5wYd2G70X14rYvH_jjOJ5ydbxQ"}]}
[2026-06-27 13:37:09][Notification] Pushing message to Group/Room ID: C18c4fc1422b1dc8bcf00d2b877acbf62
[2026-06-27 13:37:09][Notification] LINE API response code: 200, Response: {"sentMessages":[{"id":"620272004712890406","quoteToken":"eoKIasDwErVWEkFhDIHiqMZ2cz_tFvnqYs0eOI1_dzdwNqLn4fTjhY3qjNU0YE1jonOMR7IZOwqlhZl7B4c7XhfShsEeqEsyREP79VRmWNjompARzYSY9LFFkc3iMOSNo0T8lah-m7Hd8EOGx2Q1jg"}]}
[2026-06-27 13:38:25][Notification] Pushing message to Group/Room ID: C18c4fc1422b1dc8bcf00d2b877acbf62
[2026-06-27 13:38:26][Notification] LINE API response code: 200, Response: {"sentMessages":[{"id":"620272133913706808","quoteToken":"ywO74BXfuSnbq1pwkedzVT6VIGGu0aXUN9LTkD1klore2ITNwtxyeaSF4ZfSARNRytazQO-ThY12WsaHieJFyAYM6cb6wqcs6aEGeTuBHHbvqVr54WaYweU0-8gH4KzsvXJNfj7nR3_qH8mI6CQYgw"}]}
[2026-06-27 13:39:21][Notification] Pushing message to Group/Room ID: C18c4fc1422b1dc8bcf00d2b877acbf62
[2026-06-27 13:39:22][Notification] LINE API response code: 200, Response: {"sentMessages":[{"id":"620272227631497365","quoteToken":"zaJREYzw0-AeoA9wfaGTbAMkXpsNlj7VhKODiJJkylGAjNZhn6o6qLuSCv-2mBAJp8BlhZ60_7PDIAdu2c-NndrA7aeniBx1GhoFNBstNnXJyaMZBH0dY-kSFGuXPmx9BiFzjgeFIqnaP-OVcFgT1Q"}]}
[2026-06-27 13:40:38][Notification] Pushing message to Group/Room ID: C18c4fc1422b1dc8bcf00d2b877acbf62
[2026-06-27 13:40:38][Notification] LINE API response code: 200, Response: {"sentMessages":[{"id":"620272356480778293","quoteToken":"0ZJMwuBo7wEDiknOIOJ0hS4_ZqIhQTfD_5JpAPMdop5mIGwfSiP1UU6Svaz_shhX9nUjXuQLK9KtKZysEP7ezK8yxQeQIxdPRYyS6l7IxTYpwnrjQjV5tlxZLqdgazU5z6bja7umboS1VVePIUNTsA"}]}
[2026-06-27 13:40:57][Notification] Pushing message to Group/Room ID: C18c4fc1422b1dc8bcf00d2b877acbf62
[2026-06-27 13:40:57][Notification] LINE API response code: 200, Response: {"sentMessages":[{"id":"620272388223271423","quoteToken":"7iwHG4QhK8HPL1lolKTNWF1bZ_2ZxsrrpDim567fiipBg0PbDfwEfjgQwexmQefnHze01vCzBeQghoHSRkcSUDbyijwoN7ioGrpMyp4sqhN5lVs3ZW1CAxaIdDGSlRj5Jkr0RdY8BPyLZmnxxBrZQw"}]}
[2026-06-27 13:42:07][Notification] Pushing message to Group/Room ID: C18c4fc1422b1dc8bcf00d2b877acbf62
[2026-06-27 13:42:07][Notification] LINE API response code: 200, Response: {"sentMessages":[{"id":"620272506083213653","quoteToken":"PEST5hitPn8u2QhFmscaQ-syB7LGFDSSh5kHkoyc9Tr5wxLVSDbSBaTIbYiaRxAzZNiezp1evc-xvB2ZshwZToQuSKjKwN6S_zW1Yuil1J43-oGTHXIqW4w82cuOw2zQyInIwlioyIdjojsQg6Taxw"}]}
[2026-06-27 13:43:08][Notification] Pushing message to Group/Room ID: C18c4fc1422b1dc8bcf00d2b877acbf62
[2026-06-27 13:43:09][Notification] LINE API response code: 200, Response: {"sentMessages":[{"id":"620272608692928924","quoteToken":"sY8eRHc4395YCdkIuFsdXR2ZWrjLZy1eENps0-JRKNMG6nBOhj3JoDy11iMMRv1-1W2Q0WhNpE5qCZDcJDvC-8Imy70LKMNCTaIyGOHmOyfPUxKqcEinf6eRJkZprPSYOB1Oi3bt71zLZu_cactdbg"}]}
[2026-06-27 13:43:45][Notification] Pushing message to Group/Room ID: C18c4fc1422b1dc8bcf00d2b877acbf62
[2026-06-27 13:43:45][Notification] LINE API response code: 200, Response: {"sentMessages":[{"id":"620272669376119297","quoteToken":"Jes7IcvdtwLhP4ZBlEjEje4CyLmgwzOt9UdOkG4QgIlZsSH-2ZIboty6myxAJ6XMmPiYBEXS_0lqVm2tTAZ_P774nFaIGe9R2PknWvRYbOggIwe2piWTArsFvTl8Mrle1jy93iLZXQmcsS_n8OwTyA"}]}
[2026-06-27 13:44:42][Notification] Pushing message to Group/Room ID: C18c4fc1422b1dc8bcf00d2b877acbf62
[2026-06-27 13:44:43][Notification] LINE API response code: 200, Response: {"sentMessages":[{"id":"620272766130323868","quoteToken":"eRQ-nqdbBzzCGEkwTDNx4b5Mn7qm7tAVP2B1engP6_H4diaV-pAEaoBOqbEfZkvpKfS39IiKkp1l4Golt_gp9nCdt9ccy5tFl7UEMqqVQf6tmXc7wnN6GqPiK0qnBqtcaWi176ibbsfdYK-GuM_QBw"}]}
[2026-06-27 13:45:20][Notification] Pushing message to Group/Room ID: C18c4fc1422b1dc8bcf00d2b877acbf62
[2026-06-27 13:45:21][Notification] LINE API response code: 200, Response: {"sentMessages":[{"id":"620272830370021785","quoteToken":"_UDA3qmRXqVZQi37GJSJtxSAU_Am28GRYdwIphrLlCyclHkTfsatLooE9bS8WA7DAJKR6oo4-Fl87xw-uXhldnhWYPityUkXbfjj5l8yWqjoeA_wgoGhSXHnbH-5ayZnR2f9g8-m0NEfiGzXjZoaKQ"}]}
[2026-06-27 13:46:04][Notification] Pushing message to Group/Room ID: C18c4fc1422b1dc8bcf00d2b877acbf62
[2026-06-27 13:46:04][Notification] LINE API response code: 200, Response: {"sentMessages":[{"id":"620272903367164032","quoteToken":"ayK-JDh5cOWcpCvuW5nBk5ngCusSxKbJF_7dD1AubK3J79j6IMUIhJ9qWise37kxbRDQ7STK5NqYJGGUHcpe3Fze40Y7yc7uzbYkCUEBVPiK03Q19yHN1RxBqeHDJqs0-Va-wbJ_-lU3foDdNq-4WA"}]}
[2026-06-27 13:46:51][Notification] Pushing message to Group/Room ID: C18c4fc1422b1dc8bcf00d2b877acbf62
[2026-06-27 13:46:51][Notification] LINE API response code: 200, Response: {"sentMessages":[{"id":"620272981734064452","quoteToken":"RRwj_OwKNqohuTTqjReErVAJaYH886w-TwpkEA7tj9Uy0gTRPaFphtPw9wXuGZ5SK3-ZX5bNOTrxmTxjgnVq8MNY1BdO_I059fiE-3GllpNaER-BatrkEWKCMjjvRNOL_pGTYHFXLisbHou-qKpuXw"}]}
[2026-06-27 13:47:43][Notification] Pushing message to Group/Room ID: C18c4fc1422b1dc8bcf00d2b877acbf62
[2026-06-27 13:47:44][Notification] LINE API response code: 200, Response: {"sentMessages":[{"id":"620273069847478513","quoteToken":"v0nShkMiKIsBkIOb-UbjIf-xwLCz1UkLP8WDeTY2VAFu6pWxvcykR8TRdkXqtCyQqVKCHXQOoa-DHS5NI56Xn6khIxfEqHGD46LDsR9L2oKvqQp0wN5xVgmMvM2CbJ3I2ieqTMIbIqeG1INqo61qwA"}]}
[2026-06-27 13:48:46][Notification] Pushing message to Group/Room ID: C18c4fc1422b1dc8bcf00d2b877acbf62
[2026-06-27 13:48:46][Notification] LINE API response code: 200, Response: {"sentMessages":[{"id":"620273174940483823","quoteToken":"J6EVsYIB13u4n_PSAHZ84jV5gFniHBeS_RnheFPhMENyFIGoqLsXMkdBIDBDRRt1LQTJLLErzOP7MSS1kkaFLHVTPu0ODy4KoOZ5BqYBQiq4fRQDj8A56rLvlkV-4Te4r-WdYujTJBpIOaGLw7C8gg"}]}
[2026-06-27 13:51:57][Notification] Pushing message to Group/Room ID: C18c4fc1422b1dc8bcf00d2b877acbf62
[2026-06-27 13:51:57][Notification] LINE API response code: 200, Response: {"sentMessages":[{"id":"620273494630334552","quoteToken":"Yl4iz8n7LQZi_x7EnOIgDw0XQCa0-xTh7WqfGPnrq9Kyl0-TtLdpWXkNthZuxOJDEfKbM3xpzzi2GWgcrjklrEPssLOBgsoU3XCAQyS238QZYlfMyjwuxPA0yzP10EEWUUdL6vb7t2ti9Ul0wspshg"}]}
[2026-07-04 10:16:58][Notification] Pushing message to Group/Room ID: C18c4fc1422b1dc8bcf00d2b877acbf62
[2026-07-04 10:16:59][Notification] LINE API response code: 200, Response: {"sentMessages":[{"id":"621266541417594983","quoteToken":"1cRtUhRYJ2W03dDBmk3Dp6JL7T1DWqLB6V3l2tyXTnnRjGiP0Pdm_W5aCwNKIWg9ETgw3q8KLDzAjstvt13UFoyxcmuoKCUzHzzRSMMeqeg9RMux6U4unkEwrtKMa_SRjkSi_hCPLRWWE288g_Q0nA"}]}
[2026-07-04 10:17:56][Notification] Pushing message to Group/Room ID: C18c4fc1422b1dc8bcf00d2b877acbf62
[2026-07-04 10:17:57][Notification] LINE API response code: 200, Response: {"sentMessages":[{"id":"621266638557151584","quoteToken":"QPGKmE3h0W6ovfx3iTWmI3wk1NudxjlHp6y7G0PYCaSBw5Q_wB1vdYJy-E52gA6ruVuxa86OD1YliIcqkpe39LBDVyivZsGVnp7GBXogg1CZ4oyKQtEiPlm11pnv4_zDtKxl_K4uxIFSiuZLymFAdg"}]}
[2026-07-04 10:19:08][Notification] Pushing message to Group/Room ID: C18c4fc1422b1dc8bcf00d2b877acbf62
[2026-07-04 10:19:08][Notification] LINE API response code: 200, Response: {"sentMessages":[{"id":"621266758212780376","quoteToken":"VfAjVtyyRwSaEJBdYgrnNzSTQt_MBty2QHPUkYsqbN8w137a1EwM6863x2nTJTrpZWYIStj19IQ0k5weWGIF7f6rnNX0YvV95ef94y80pJUVo5mwaC8k73bP3hcDyV0GW2EL1zf3wPiZNl15gufYDw"}]}
[2026-07-04 10:20:27][Notification] Pushing message to Group/Room ID: C18c4fc1422b1dc8bcf00d2b877acbf62
[2026-07-04 10:20:27][Notification] LINE API response code: 200, Response: {"sentMessages":[{"id":"621266890870489447","quoteToken":"U9ZqUh8pDwpN6kkKo9u89GHOaxP6Z9u4DloXacLp8YSerUG9314Swk-c4APJoFTyuT4COPrWiIXpqMmktB6nobTfJULQpsgUdTA4LcVEzmo5MVAM2ODb702AGuuWm0eSnfQ0nkszl1BBPyWGHDdS4A"}]}
[2026-07-11 14:29:18][Notification] Pushing message to Group/Room ID: C18c4fc1422b1dc8bcf00d2b877acbf62
[2026-07-11 14:29:18][Notification] LINE API response code: 200, Response: {"sentMessages":[{"id":"622306626753790072","quoteToken":"GjdAToPBEN7RqXA2wDnbYip4hTd3hT4Q8utaikje4xDQ__KPm9r5ITxZhWAIk5d_rjEzmNUptcKrebFqVOd1Zlm51dpVqpQzgVY1Pv84ZMomfbac39TbPrNlZ4Va0gI3iKqC_6WPhBVdwU2jN9gGBQ"}]}
[2026-07-11 14:29:27][Notification] Pushing message to Group/Room ID: C18c4fc1422b1dc8bcf00d2b877acbf62
[2026-07-11 14:29:28][Notification] LINE API response code: 200, Response: {"sentMessages":[{"id":"622306642927026264","quoteToken":"Vu71qYS6m1iaSV9jVCR6VEINipPPIp6PceZ7-J-yPXdwb2sjjjDUQ3kmeYkESqsO4cU2eMw5Ft4cj9LU6Yjc7UDaIEFPFTjILJV07aAggMsgULaSP4Ab-eKfHJjjvyv6gIRWbL9kci5TiNXawXIzoQ"}]}
[2026-07-11 14:31:13][Notification] Pushing message to Group/Room ID: C18c4fc1422b1dc8bcf00d2b877acbf62
[2026-07-11 14:31:13][Notification] LINE API response code: 200, Response: {"sentMessages":[{"id":"622306820345823898","quoteToken":"RNZPmYkfxxHiYtbyfQnEq8ccxQomWwlZTxjPD0_x7wisYlPZn3heaMvGecoK57gSfC2s5a_cYkd2J01TaF2-IzU_tNzDVIZehLgo_uE9hjwVlqS4FucmlCvZbbZkUbyg_7Zllh1cMrXie0AlMxGrxQ"}]}
[2026-07-11 14:32:24][Notification] Pushing message to Group/Room ID: C18c4fc1422b1dc8bcf00d2b877acbf62
[2026-07-11 14:32:25][Notification] LINE API response code: 200, Response: {"sentMessages":[{"id":"622306940638724471","quoteToken":"8gSmig0IzqfrQSHirjihNll9BDK9CioccNNG3yMLiIToxsMxhwx4nNjXqiTee46dmfZAiOtO6wnBaU5xEPC_lwuO2EDJyqkpM81s_jV7H_faJcNBt1xgMzhAHKLBGpcNxyjgspQwT9ljd6OWvbe9CQ"}]}
[2026-07-11 14:33:17][Notification] Pushing message to Group/Room ID: C18c4fc1422b1dc8bcf00d2b877acbf62
[2026-07-11 14:33:17][Notification] LINE API response code: 200, Response: {"sentMessages":[{"id":"622307027577733509","quoteToken":"LLqZxR6g0eZb25mJxOxKbmiGR6CfehtJv9DSNLWq8T5BFibiAE4hwuHHM9-xN4w7BUzCWtJwV44NiGNgx_PUDU4ZmfsWKTfJiUOwqGy1qiwRBILdQ2sDXUGZ8jU6ZXl8NBUF9oTceK0vopDSEsi0iQ"}]}
[2026-07-11 14:34:43][Notification] Pushing message to Group/Room ID: C18c4fc1422b1dc8bcf00d2b877acbf62
[2026-07-11 14:34:43][Notification] LINE API response code: 200, Response: {"sentMessages":[{"id":"622307172147527994","quoteToken":"lzXAqnphJU0lbuDhnmctmKRRV30u1fTan_I2Qu3zRIRGoRme3H3vl1dnhsVfAIHSPrzmW01rOJatvQC0zwAPW88uplZ8-_6TiPr_iyn6JCwWZapyNsWj42xaf8ER7bkZggt0xlKFp55HYaUKgL879Q"}]}
[2026-07-11 14:39:40][Notification] Pushing message to Group/Room ID: C18c4fc1422b1dc8bcf00d2b877acbf62
[2026-07-11 14:39:40][Notification] LINE API response code: 200, Response: {"sentMessages":[{"id":"622307670413541600","quoteToken":"D6mqsiTi-ro5mPcy2dg3LnrfG-Ha_-lBKKfWKS4ldVjqh8IqlAmQeboIHRL1dw6xKrMTXJaR65q4-ghPxiRMdSoXUzfVhxwluWsGps2gRNoFWBTuZM3x1CLX3GwW1uNN9aI-moCCEA2OJv0B2cQkBA"}]}
[2026-07-11 14:40:31][Notification] Pushing message to Group/Room ID: C18c4fc1422b1dc8bcf00d2b877acbf62
[2026-07-11 14:40:31][Notification] LINE API response code: 200, Response: {"sentMessages":[{"id":"622307756396773871","quoteToken":"YF_qZdz--21ylWs1XbK92Qmlu5DG318kEzrWDJ_eOuxK9zIJYnLPxFlCfHu6MDiT5XcXHaI8dy7LyNyqFbQ97iVmMyH1IFpWHDGKRQ3aQYz4oTox5YnzvWb7ty4xgzM2lA6e-9-V93GrlXoK5_oUxg"}]}
[2026-07-11 14:41:27][Notification] Pushing message to Group/Room ID: C18c4fc1422b1dc8bcf00d2b877acbf62
[2026-07-11 14:41:27][Notification] LINE API response code: 200, Response: {"sentMessages":[{"id":"622307850316152902","quoteToken":"Bgdtu92N6u1lMCUNg0Eu8g-WbCFi0T0nSooIa0VPW-dgYG6p7t9nBX2wadVK4v6Yv6mTlwuGfMljI5xFmojX8dcRBnfg_hodnliO85d9sLL3vmT6MEeB2koTe7XpIZFX9KjCMKhKvcNpbuSFDtdfQw"}]}
[2026-07-11 15:11:43][Notification] Pushing message to Group/Room ID: C18c4fc1422b1dc8bcf00d2b877acbf62
[2026-07-11 15:11:43][Notification] LINE API response code: 200, Response: {"sentMessages":[{"id":"622310897075094166","quoteToken":"y-j2OGIXYw8G5nICZYGX_4-1Y2OrrTQIM4JCc3fUZHeP_h3dcBEzFO8BLodilRfEijBl6xJ6Bo-pnvyCjSB5As9UAU1M_znWILys47ENq2waJNBpzCHOWgqqTZ0SsK0d84JEcrhGdL3IDAKrW_QypQ"}]}
[2026-07-11 15:14:02][Notification] Pushing message to Group/Room ID: C18c4fc1422b1dc8bcf00d2b877acbf62
[2026-07-11 15:14:02][Notification] LINE API response code: 200, Response: {"sentMessages":[{"id":"622311130043515379","quoteToken":"tJ8Qnd8bCFITMWTRd5C7_72hQig6E8qw1CAoVhMZte6q2MYae0W49USlYxmuTvyqr9ELlLFWEyeN_hHwQZy6xCJJNsL8Jk2XQp5vFPXzgS2-SA4s-uKD8akJQdnotP0UxUu9ktkuLMXmrAp9wQFQdw"}]}
[2026-07-11 15:14:43][Notification] Pushing message to Group/Room ID: C18c4fc1422b1dc8bcf00d2b877acbf62
[2026-07-11 15:14:43][Notification] LINE API response code: 200, Response: {"sentMessages":[{"id":"622311198998135403","quoteToken":"bTESyl2sm7xa9s0tQh9xRin5k1Z8vVfBOb1zi7UttAhvE_-_vwZC1l36i6CzLtFcNLwcEkzErInqngkULGUgUzn7Tf0RA-OL0sX5R5tLHIRIWQBVHCLXNSswh-54efzFhTb3424RD5Tb6eoKnXSRQw"}]}
[2026-07-11 15:15:24][Notification] Pushing message to Group/Room ID: C18c4fc1422b1dc8bcf00d2b877acbf62
[2026-07-11 15:15:24][Notification] LINE API response code: 200, Response: {"sentMessages":[{"id":"622311267432399036","quoteToken":"6Ke-6Uv6BqgdxSgnneloXliPWjDHFDoimNd3a_l9lIvbHx0G6dD8fBzvwxe1aDtj7Yg4F1DNKnUTMdOcxfKJvb4Rnj9LlrcmTw1mANzraY2yG9MlBKeE3A0CdQLeCWmZJEjKkLTDoSKEGChc7fCQdQ"}]}
[2026-07-11 15:16:05][Notification] Pushing message to Group/Room ID: C18c4fc1422b1dc8bcf00d2b877acbf62
[2026-07-11 15:16:05][Notification] LINE API response code: 200, Response: {"sentMessages":[{"id":"622311336067990054","quoteToken":"SCAjUdHHi7Ycr85P4bBkwBnKc6z-Pi0Tgby3la25o-MEkNAFv2RoQVDYWDKHxIHrkJP_2RntYHR2VG8sgzNJ-fv2pWEfI5C0o97tk5jpZMwUfdYlNaTKc3P4OexmKtKazB8ExUo4Xv3BigTUQCBF6A"}]}
[2026-07-11 15:16:20][Notification] Pushing message to Group/Room ID: C18c4fc1422b1dc8bcf00d2b877acbf62
[2026-07-11 15:16:20][Notification] LINE API response code: 200, Response: {"sentMessages":[{"id":"622311361569358250","quoteToken":"QO189hnBw9bNFoHyoEwkU5W-VcE689-6-r2VkO8KjXPzJAiX1pvEh0Wkc07l-w0OZxmT4FBiZrKSefrCkzyojChtA9tsPgUA60yBLZTFyFmIDTrkWkkLh0eF2s41epLYHEGH_-z885ncTk-CfXCcPQ"}]}
[2026-07-11 15:16:55][Notification] Pushing message to Group/Room ID: C18c4fc1422b1dc8bcf00d2b877acbf62
[2026-07-11 15:16:56][Notification] LINE API response code: 200, Response: {"sentMessages":[{"id":"622311421446979881","quoteToken":"M2j0eRujviwCMT4uXtv04MICS-kD_K7OlCmt38D0z2-HGnHa6ubbzS-XGwrMBmsGY8yyZafv64dVlVN6N0Y5IHbsU0kFfzH9K1FOea1nYFttz0t6VyNlff5aNC-h38SBZc9iSEKOHzEKtOqJtjPJyQ"}]}
[2026-07-11 15:17:44][Notification] Pushing message to Group/Room ID: C18c4fc1422b1dc8bcf00d2b877acbf62
[2026-07-11 15:17:44][Notification] LINE API response code: 200, Response: {"sentMessages":[{"id":"622311502045249796","quoteToken":"bf79LU8bwowX3SsK5eTw4akd2ntw5rBIsWfPz3GBNy5zZTzK-TwLT3cbkvmXBfuWkc4bFzZXjMp5Rayh1VGlvmheg6AAo1EFrSU9n5jIRRXevTmBBoh2O5oP0_UL4S7LrssTJh3vx-xMmEep89-Y6A"}]}
[2026-07-11 15:18:20][Notification] Pushing message to Group/Room ID: C18c4fc1422b1dc8bcf00d2b877acbf62
[2026-07-11 15:18:21][Notification] LINE API response code: 200, Response: {"sentMessages":[{"id":"622311563734810880","quoteToken":"BtoS4o62RG06LwRUzALOc-w8ET56xWHYujlTAPOtndyibuy3IsJXgL65Ya0ly_0ilgNsRSt7Zn19ncXCWopH43KHs36lDYYj2umZHfL7eFk38RYtD42KT8xm2iuvjeRIdu0zk7uzKufvzaqrGRAxjw"}]}
[2026-07-11 15:18:27][Notification] Pushing message to Group/Room ID: C18c4fc1422b1dc8bcf00d2b877acbf62
[2026-07-11 15:18:27][Notification] LINE API response code: 200, Response: {"sentMessages":[{"id":"622311574321234331","quoteToken":"yVcrXJ6_Dl8D8ZIBSlMXOwSKFDvksmxSNIJA5CMq9o-zjkPgiASWILFY5nLQGAudPB0HqFYX-nQeng1YM4ii3g2fh4RJXpg7TCCiVNr0ulEqFcqsZkvCzV27yB65UwPmLuYGmRFBySAkQFsLMeIyag"}]}
[2026-07-11 15:19:01][Notification] Pushing message to Group/Room ID: C18c4fc1422b1dc8bcf00d2b877acbf62
[2026-07-11 15:19:02][Notification] LINE API response code: 200, Response: {"sentMessages":[{"id":"622311632353100414","quoteToken":"64-UhDvwR6aWZQO_g9ietvCoT5JKjRYXHypG9f8A-5RsHGss7GgWXMUTWtYdx9IbemAZKICpvv1yGKmew-GuFjfDOMOhR0Ig_Zfni0Gi0v5lCuUt9PLMjmdtYejKzs91VGtO_LnbZtLXyhKOQeldNw"}]}
[2026-07-11 15:19:43][Notification] Pushing message to Group/Room ID: C18c4fc1422b1dc8bcf00d2b877acbf62
[2026-07-11 15:19:43][Notification] LINE API response code: 200, Response: {"sentMessages":[{"id":"622311702599827508","quoteToken":"Z0cbCOpGPgx6mIrRFWIF9oAEiSdbhx32vbjTTcdxBy5QneC8kRsHXmxbkF7A4_YJ4FWo0IsOWnikehZeb2xuNtrbSfqmoGx99xSuwwXoI4fhn7GTeA4rQh99AGAimW_1FrRN_sQn3vFwEcP7_v8b0w"}]}
[2026-07-11 15:20:16][Notification] Pushing message to Group/Room ID: C18c4fc1422b1dc8bcf00d2b877acbf62
[2026-07-11 15:20:16][Notification] LINE API response code: 200, Response: {"sentMessages":[{"id":"622311757025378652","quoteToken":"M0G1BuuSICtsgD5h5KfmaaTgyYashOXWs8aBiuaYCs8w1ctXhCOPAun0JUFAGZRFGsuFxai7nDq9WviXPzUMlfv2xs4nmzE7dE2O1rqtf4na5iPs-N_ttrk42HFCk_RXqHoTHD9Gkg_6Q2tSvG_Zmw"}]}
[2026-07-11 15:20:54][Notification] Pushing message to Group/Room ID: C18c4fc1422b1dc8bcf00d2b877acbf62
[2026-07-11 15:20:54][Notification] LINE API response code: 200, Response: {"sentMessages":[{"id":"622311821583843720","quoteToken":"WYiPFt3eDWi-FT_zHlhuM9Unkh-AoRCi8sk8G4bfznKW0VtBTFZDo7KB3wPX20Ws8CadnZi_VLK_3vpQi7bn5B_CavpgXU9h-4k6NM0ROeTCONT3fpOVaAEqLMibsZCQmWJiay_Khdh0cH86eceRkg"}]}
[2026-07-11 15:22:54][Notification] Pushing message to Group/Room ID: C18c4fc1422b1dc8bcf00d2b877acbf62
[2026-07-11 15:22:55][Notification] LINE API response code: 200, Response: {"sentMessages":[{"id":"622312023631856045","quoteToken":"XHP26-zKdvCwJ6d6Tl5SsOlm47BvSc8H4ouZlYy-jnB9hBnONltQkhQsbMvTGooHMrP3Tyu7NkGuig42HoJsN61x2xzRhJg_GrsvKcjMZmfsOE3yNpfsCbAr5dPhLIisopnDbudES0ud4FI1v28lfA"}]}
[2026-07-11 15:23:31][Notification] Pushing message to Group/Room ID: C18c4fc1422b1dc8bcf00d2b877acbf62
[2026-07-11 15:23:31][Notification] LINE API response code: 200, Response: {"sentMessages":[{"id":"622312084751253863","quoteToken":"NRxFpQHx_Wmvn26KTkgd764zG6R54niyXauSY0hZfKMmTA-utN4Z4kWoI-W82QTqZGH4Pm7YwiWvad8TbHcPEFioqaugZ5GORwPzvh1Cev0s-OpBUQZh_sdH4UkAWKypfJezPdcH7fvzVh33Dnrguw"}]}
[2026-07-11 15:24:45][Notification] Pushing message to Group/Room ID: C18c4fc1422b1dc8bcf00d2b877acbf62
[2026-07-11 15:24:45][Notification] LINE API response code: 200, Response: {"sentMessages":[{"id":"622312209120756172","quoteToken":"XJjSmPr5epr4fEOt7azAsoJjjq-vwt1bhjHff_zp84Cs7Zqw09z-nZuHsAaMQy-t4rcoS2X9A6Vy8EbBFgH_UqxDj_QIt6xZtqEbkoEBnAW64KOzJyPDmq0-MAhiDCn24kCDtLKkDO_vQjQ06jI7FA"}]}
[2026-07-11 15:25:24][Notification] Pushing message to Group/Room ID: C18c4fc1422b1dc8bcf00d2b877acbf62
[2026-07-11 15:25:24][Notification] LINE API response code: 200, Response: {"sentMessages":[{"id":"622312273595596872","quoteToken":"ljN2cKvGmbD5PR7jk42BXxHlpedanjgXPrGbHS2sn9UphmX2rGNK9XcACjgK8izwb2rCnAj8wMWJc9PJ-PJHVv3FuBSHNzkGEcKM9m5NjtDs0KKfncd_6Bw3J4aHMUGal57Ubh4PcOLNMUIcOgQlcA"}]}
[2026-07-11 15:25:58][Notification] Pushing message to Group/Room ID: C18c4fc1422b1dc8bcf00d2b877acbf62
[2026-07-11 15:25:58][Notification] LINE API response code: 200, Response: {"sentMessages":[{"id":"622312331342512512","quoteToken":"EmLQRVMAMWtIJyUfx93I7ax92dqlOcHRRtFd-TunhgvOAKSdY-ICv4Vx9tfeas5hfzJVrdnBgcAJAUeRt3_rjUqPgWMtU4leZB9NJBd8V0VEI7a8UMqcryN6iwf7LCDyIP8N403olNx3b3sSqxfSfw"}]}
[2026-07-11 15:27:06][Notification] Pushing message to Group/Room ID: C18c4fc1422b1dc8bcf00d2b877acbf62
[2026-07-11 15:27:06][Notification] LINE API response code: 200, Response: {"sentMessages":[{"id":"622312445780164664","quoteToken":"T3BpIF9LuaebI8-SIXLa5MH7M3HP_GteyR7gadvQNpv7C4YESwoP-kIbKS5JCG8eN2X8UeeMOtn61bE1ZlxZx5xLQYhfKrTGbpJhMh7Ph_rgJTMwLpfepk5kJmqGcvLYfByY7-ZufIfrVOCtqnJgsg"}]}
[2026-07-11 15:28:52][Notification] Pushing message to Group/Room ID: C18c4fc1422b1dc8bcf00d2b877acbf62
[2026-07-11 15:28:52][Notification] LINE API response code: 200, Response: {"sentMessages":[{"id":"622312623652209202","quoteToken":"xHC1XMKefNp_U4NAXQsvm0QZp6i0E1SzEb1L9Ife7zrDJKh1q98lsz6FW9_vA419JXu-c4baqLCQuHm8Tsaxg2tBNBgrnneYhP6JSy6dq9QRJp7pExNapy9DG26YxuTBR0uLP38jrp3lQ5WAwYuBmA"}]}
[2026-07-11 15:29:50][Notification] Pushing message to Group/Room ID: C18c4fc1422b1dc8bcf00d2b877acbf62
[2026-07-11 15:29:50][Notification] LINE API response code: 200, Response: {"sentMessages":[{"id":"622312720942760663","quoteToken":"8V_WQSp_KyRjf78ZOPf6JDi_GJSZH0cg_mOaw8Toj731k7CUcCevSd9ije-a5j1NPuMETrSSLNrslF6i3rFNsIT-WfTVzNIyr3G1PDiqrJtSaYJVXmYfIi7fWxXl4XRbk9NudtzKlXi0bEoGSovvlg"}]}
[2026-07-11 15:30:42][Notification] Pushing message to Group/Room ID: C18c4fc1422b1dc8bcf00d2b877acbf62
[2026-07-11 15:30:43][Notification] LINE API response code: 200, Response: {"sentMessages":[{"id":"622312808419950682","quoteToken":"SpdPrfHu6guan9SEB7m1C81rcLhvVO_wjWls_vTCwzGIA-aejVqd3sfS2xorTYt5EgqW4mWWBtlzzSJKnnXOgQy_huVpIFQKLiing2TJCVXmMx_2SAdFWO5B0aEL1XqOeWNG2sx1kOKbbnxHluJ6Lg"}]}
[2026-07-11 15:31:37][Notification] Pushing message to Group/Room ID: C18c4fc1422b1dc8bcf00d2b877acbf62
[2026-07-11 15:31:37][Notification] LINE API response code: 200, Response: {"sentMessages":[{"id":"622312900241129857","quoteToken":"n0y2xHEKTxGUFjSvT841sa2kNuhUTNQ8v7Wbxm2_1xDxV69BLNFNhbktJ7L6-MPFX3Y1Gm03vXfMnVdTFNTFy0niQxyj11nFZvL2kUnpvrvJH6j9x5jbRLyb03MEI5JHshVY1g663iyDxw-OHED6SA"}]}
[2026-07-11 15:32:57][Notification] Pushing message to Group/Room ID: C18c4fc1422b1dc8bcf00d2b877acbf62
[2026-07-11 15:32:58][Notification] LINE API response code: 200, Response: {"sentMessages":[{"id":"622313035348312442","quoteToken":"kp6ehBOJjAGm5kj7OYZtPI6gFHkT2LmeQYvTf6pzvQaTA3Cf1AOa4MCN2Ky504L5IISUrmTFBWSncpHSp1qvBj3PuMPMiBsQJsFZQbT6cTKZM1OGW3aRAwJ_v1ql8oWiTY3-B1ry3Esv8NWeG0PuOQ"}]}
[2026-07-11 15:33:33][Notification] Pushing message to Group/Room ID: C18c4fc1422b1dc8bcf00d2b877acbf62
[2026-07-11 15:33:33][Notification] LINE API response code: 200, Response: {"sentMessages":[{"id":"622313094101860674","quoteToken":"MsYorRL-YbKjjZVSSTUXLJA9rPDhhR-anyYdJ8PsUV20qL-BJygOcNG529fIIO7ZIiV5uLfbuXpmiWAxAQowyC7S2rSP7tTl9eIJZ4tfzx4JXEEebIKRkjK0lLwkI_CRaAZSzP67qGWKlWRyT9wXWA"}]}
[2026-07-11 15:34:06][Notification] Pushing message to Group/Room ID: C18c4fc1422b1dc8bcf00d2b877acbf62
[2026-07-11 15:34:06][Notification] LINE API response code: 200, Response: {"sentMessages":[{"id":"622313150406721813","quoteToken":"VfDS3Y-l8ok00VD6zWG5CRBGrM0lThdmu9K10WoOBhVSttpkZ1UBZc6WXU8LyNlvab4_lIiHppcNtOIERYjgl8ndEDgvI7_-3ZLdWe0Sf9eBWwOOIpTbTZqNGroEdYLCpChbDTHiAUIiOu_2OGVVaA"}]}
[2026-07-11 15:34:52][Notification] Pushing message to Group/Room ID: C18c4fc1422b1dc8bcf00d2b877acbf62
[2026-07-11 15:34:52][Notification] LINE API response code: 200, Response: {"sentMessages":[{"id":"622313227430134137","quoteToken":"Ekj-RjT87yrKbTt8VkET0u_uUsMmLnBXq6Joqvf6_Gk9kanDwzAPH2l6TVCY2l5OTSbtE4H-96MaXvpfWsfLLU2uShMTVusDSLvKIvYQOYGPinB1p5F1uo__Q6gIQ_XIBW9QTYw8sPSaeKAxX7bL8A"}]}
[2026-07-11 15:35:59][Notification] Pushing message to Group/Room ID: C18c4fc1422b1dc8bcf00d2b877acbf62
[2026-07-11 15:35:59][Notification] LINE API response code: 200, Response: {"sentMessages":[{"id":"622313339502198837","quoteToken":"Jd-IWX3bqdePukGMFWGZA15VYssINUXsOeXF0wZPEfBdcmArHLYC2Hsu2vQ57WSYYOkIZUYc1W5kVxM8SF232e9fCSbi0qPuXMnqPWyEd03paf6OSUg4jngnZm2yK-4u4I6yI-emoPgMXxH9mrAZ7A"}]}
[2026-07-11 15:36:38][Notification] Pushing message to Group/Room ID: C18c4fc1422b1dc8bcf00d2b877acbf62
[2026-07-11 15:36:38][Notification] LINE API response code: 200, Response: {"sentMessages":[{"id":"622313405017227286","quoteToken":"ZDuHJHpvqpg3zbI3SJycc1nHXzb27rtClEfDuUCttQfcs4DqQpfBrqvZmE80LB-XVJJAGLawwsbg_ZCZYcl8_lgfsZvOx8R08gmeMOH7cbMuJ3eEZMDN0_R6aT4hDwZrpFdemIzcIYZ99NLE_uzwqw"}]}
[2026-07-11 15:37:09][Notification] Pushing message to Group/Room ID: C18c4fc1422b1dc8bcf00d2b877acbf62
[2026-07-11 15:37:09][Notification] LINE API response code: 200, Response: {"sentMessages":[{"id":"622313457664131262","quoteToken":"CVp1dXu8mqzWm_LYTbNZL4GPMFbF-i9RPRSNXD6Hq_Ie5sT_xkIEkkshii4aRST7wDXXi43Jjrgkyw4L7odbsiko0xoOF780ZhFvsZ__vgWsm0tcru4NaDlax6gsJOJs5h7Z5bJ2Zr5bEsp4Dkuncw"}]}
[2026-07-11 15:37:50][Notification] Pushing message to Group/Room ID: C18c4fc1422b1dc8bcf00d2b877acbf62
[2026-07-11 15:37:51][Notification] LINE API response code: 200, Response: {"sentMessages":[{"id":"622313526735667580","quoteToken":"em1fhFxEVKvKUIOH-qR8AmlT6UEdxqnapunPnmOs5OTwptkhxoo9daRGx7QToeJv8BzyTyAf9c7da1ASS0SA7oxo2qkrzLkFPrcEV6o2lbLqAXJAuiIB-L8qX6wku4sRTtdHBOgOmyBL5q-kxbPK9w"}]}
[2026-07-11 15:38:25][Notification] Pushing message to Group/Room ID: C18c4fc1422b1dc8bcf00d2b877acbf62
[2026-07-11 15:38:25][Notification] LINE API response code: 200, Response: {"sentMessages":[{"id":"622313584198156649","quoteToken":"pf1Yy1grGayXKSWyh6a_citCpMsBsIQjrJ2lj_XwYLKEDhgTCgL88KiS3KX5hFX5-D38LeCGNIvV4HSPyvsQ7rUPWCRnhiOqkjzERWe0UDc7pUHEIxGqy20ZDaSGFGVA2VleLauq62uyoBcRAc2d-w"}]}
[2026-07-11 15:39:22][Notification] Pushing message to Group/Room ID: C18c4fc1422b1dc8bcf00d2b877acbf62
[2026-07-11 15:39:23][Notification] LINE API response code: 200, Response: {"sentMessages":[{"id":"622313681288167596","quoteToken":"5DFejl17WdME0QF5ing7-MvlkvVNXR1urAj21MA4srN6UaTbyOPQXj7XK4yPlOMvRGbAAAG8nlFzhyDjDHLK92zSLHy0l3dWJjsgctPumbm-ba5sstQa9JEKgUFnIWS0oWj0y60VGfrH2EfWBZdg6w"}]}
[2026-07-11 15:40:40][Notification] Pushing message to Group/Room ID: C18c4fc1422b1dc8bcf00d2b877acbf62
[2026-07-11 15:40:41][Notification] LINE API response code: 200, Response: {"sentMessages":[{"id":"622313812166967348","quoteToken":"05YyAq2kX65TueB1BsSEttFDpd5-MVdQu-C_3w9keGSBcHcrAATft1unH5rk90beKlbz09jibl5vSh-6e1RHvY8Ko-QqjXhoqVtVXqnLiXCnCm87MmR-7vClgLk58QRuxNPCSyUQizOSGExlWh-cmQ"}]}
[2026-07-11 15:41:57][Notification] Pushing message to Group/Room ID: C18c4fc1422b1dc8bcf00d2b877acbf62
[2026-07-11 15:41:57][Notification] LINE API response code: 200, Response: {"sentMessages":[{"id":"622313940176601162","quoteToken":"rbClhx-1E6-g3Cy3kzUJT2VpCskvWX-nG3SS_BpFSEmSjzukGrZgjXIT3F2l0R2U4SoDbM4LHZiWHoj_niyqqTOiA3PQXxbvWKWAu9XGI4Bd1MZgU9ZEtm0VjvgkIgyEbHp0FBhT0lLTfFiAfe7yZg"}]}
[2026-07-11 15:42:31][Notification] Pushing message to Group/Room ID: C18c4fc1422b1dc8bcf00d2b877acbf62
[2026-07-11 15:42:31][Notification] LINE API response code: 200, Response: {"sentMessages":[{"id":"622313996816482364","quoteToken":"DaTH_4PZrMe7xc95mGB_UzGqJHbW4F5e681l55AGPJS0utHJM1ft91OObNE1VWMv--Z2KMFi5lhjbUPDPLfpzklRXrJI1aCv58V-_FOOC8OswWLzccz2Nv5TaxuSl0bXvivy3jDMnacmxZz4Z9yRdw"}]}
[2026-07-11 15:43:53][Notification] Pushing message to Group/Room ID: C18c4fc1422b1dc8bcf00d2b877acbf62
[2026-07-11 15:43:54][Notification] LINE API response code: 200, Response: {"sentMessages":[{"id":"622314135497474511","quoteToken":"ZtTcPwDETZZ7pjReylRx-6fGpgtLuMT8QspwtiGJzHagNfCKTQ0EP6Ljviz5bfm4YvMW7K5IpaucFzq_kzgCMOOmv1DZnCYw_NeG_74V8ss57P1CxP1pPMCfHXRfabFFxDo1BILtL1w7HIhsq7w1Pw"}]}
[2026-07-11 15:45:34][Notification] Pushing message to Group/Room ID: C18c4fc1422b1dc8bcf00d2b877acbf62
[2026-07-11 15:45:34][Notification] LINE API response code: 200, Response: {"sentMessages":[{"id":"622314304712475271","quoteToken":"GOImzpgEwU4R9zLLahvZ3Jz67H1tb6igu-ECz4gsQSbHotYdqliNap6aNgjFw_k-MfK3mZKntgd5KKWuqwMODUf7GIe6KsAyPRd8x6lP-2AX-Wvao4Gtiir1o5gV4PzeD9u6KPBPglNgBP_gAA0mQw"}]}
[2026-07-11 15:46:16][Notification] Pushing message to Group/Room ID: C18c4fc1422b1dc8bcf00d2b877acbf62
[2026-07-11 15:46:16][Notification] LINE API response code: 200, Response: {"sentMessages":[{"id":"622314374941901214","quoteToken":"ssBDp6jpDfMVBnkQNM8tn_wrvSQC29c5jX5Y5p97fIZjsN_kv_qygM7f2ZzN2oSF7fo8r3W9QJwBn6fdquW5OiWbdZaYZkdctABre5m0iEm_5GzLCIuZ_FvGu40lL3hie-b8jCfUKrtWOgPEDOPSAg"}]}
[2026-07-11 15:47:28][Notification] Pushing message to Group/Room ID: C18c4fc1422b1dc8bcf00d2b877acbf62
[2026-07-11 15:47:29][Notification] LINE API response code: 200, Response: {"sentMessages":[{"id":"622314496627049096","quoteToken":"Ed50WFuIgqgGK76OZL9B6t3Ad4CT-GDNFJL5h3MWPg2Fk6KNtHutG7nGsljA0-FrHrR45Vesl_97wBeyLGLLvL9VnJ4nhlim4H_eSLvK9HAmuHjLzQA7uVgh0E9iEqZwXSX-mbLIyRdi6arg3XMwNQ"}]}
[2026-07-11 15:47:55][Notification] Pushing message to Group/Room ID: C18c4fc1422b1dc8bcf00d2b877acbf62
[2026-07-11 15:47:55][Notification] LINE API response code: 200, Response: {"sentMessages":[{"id":"622314540298142312","quoteToken":"k5hKLypkLhQr_mhg_Uh4of-WZXtP_2ercUWwaX_x2Ye30E4DWdl_J7auQwuk_rgJVtphSFmUM7rXENAwJZ0U1KOSuxxzCYNg3p59isBvkTH4Z_uSo8GSx5D0u4raF20oWSDMtR0DaHjjlG5Wf0d3bg"}]}
[2026-07-11 15:48:19][Notification] Pushing message to Group/Room ID: C18c4fc1422b1dc8bcf00d2b877acbf62
[2026-07-11 15:48:20][Notification] LINE API response code: 200, Response: {"sentMessages":[{"id":"622314581872083388","quoteToken":"MLE-uyplrirPp3CzWqb6o3LanfAi_xIRI5iQ91oIxYf2ABlMtf3Z91N66TmPek-_7P8h8DcDYIZ212LyVwilXBWHeP5K9I0MfnyKz194q-MpEd8REb055WdUYfO3rNUa1mpSdo30CHF3hW24fhulJw"}]}
[2026-07-11 15:48:58][Notification] Pushing message to Group/Room ID: C18c4fc1422b1dc8bcf00d2b877acbf62
[2026-07-11 15:48:58][Notification] LINE API response code: 200, Response: {"sentMessages":[{"id":"622314646547726701","quoteToken":"inCE8AHv1haO46NAzsbJ6UqFg7Glaexr3D9zFrPUo3xesW-EAclCaVwFUPwtzMEfLr8BvJOyc93TvizC654au_gsGOtmd0fypEyeWLiQeLRJ5YePX0t3dQko4UKTdj8sFgBBXd2HfSMAaHpJci3uwA"}]}
[2026-07-11 15:49:36][Notification] Pushing message to Group/Room ID: C18c4fc1422b1dc8bcf00d2b877acbf62
[2026-07-11 15:49:36][Notification] LINE API response code: 200, Response: {"sentMessages":[{"id":"622314709965603052","quoteToken":"pGjh8EGI6Fn7593VdSfTJ9IhNh_lO5Qh2PAvIcQfa48mOdcofOTEm0wYMsoJg8FoHZfAAhS0PhcQk6R30kTtZLI2gRL2zIMDYyddO3bZIohiU0-dDqSpZBQThNRucbg8_yU-3em__llj6VFXzfZxeA"}]}
[2026-07-11 15:50:18][Notification] Pushing message to Group/Room ID: C18c4fc1422b1dc8bcf00d2b877acbf62
[2026-07-11 15:50:19][Notification] LINE API response code: 200, Response: {"sentMessages":[{"id":"622314781638393893","quoteToken":"8nRuLplJjRGkem2TXoGWlj2939zeO1kBE2mvvj-OlGkDsJLBQoHBLsbiLDjieihY1uI6qZAXqAvrFnegHXDHBTQ69st702fpZWBr151fsg4EXISUjFAys8rpfRzpyQ_o8dXTfArIMyS0rmTn0eGu7w"}]}
[2026-07-11 15:51:14][Notification] Pushing message to Group/Room ID: C18c4fc1422b1dc8bcf00d2b877acbf62
[2026-07-11 15:51:14][Notification] LINE API response code: 200, Response: {"sentMessages":[{"id":"622314874517061854","quoteToken":"87JVihJE-r4tO9fcpzXbhS8pD_x8Fp52VXVOCykPxMouvHKVHXz8iYB9Gy3LYml3gvwnW8-V71b7ZsNjZXkdOLedxfP3feJYaRoh5zBpTyN9fOX25QIBr_vKg4w1cjr-LdFBXvzmQZJQnyCBV3UVLg"}]}
[2026-07-11 15:51:53][Notification] Pushing message to Group/Room ID: C18c4fc1422b1dc8bcf00d2b877acbf62
[2026-07-11 15:51:54][Notification] LINE API response code: 200, Response: {"sentMessages":[{"id":"622314940837134701","quoteToken":"XuhOvGf2BVrDygTdnaw7jXIgCfulEDe99PR5WYKnd-U3F0g6FfbacVFeZhgzxEF3JwMQTxacYilxSeBZ_hmqqm_LLr5GaiS2fOPxSQHXxhuJjxhBjaROFjpdWn0bi-tn1uLu0EFDwtk61v0j8Rqk-A"}]}
[2026-07-14 20:10:12][Notification] Pushing message to Group/Room ID: C18c4fc1422b1dc8bcf00d2b877acbf62
[2026-07-14 20:10:13][Notification] LINE API response code: 200, Response: {"sentMessages":[{"id":"622775809333526703","quoteToken":"E7pUg0950-7_DUaowFG5_jR1FAyQ_nyYcyZCVABWx8zlGKY5z1jpK9aRSxXtqzM-ihUOrG9EoFgnA1E25uEedxQX8vYHqoYCQJxMi6xZhNxefrAiQU9bzlwsejEB_ChVuoCd-ry_AZ2bsOFC9av8GQ"}]}
[2026-07-14 20:11:11][Notification] Pushing message to Group/Room ID: C18c4fc1422b1dc8bcf00d2b877acbf62
[2026-07-14 20:11:12][Notification] LINE API response code: 200, Response: {"sentMessages":[{"id":"622775908335878249","quoteToken":"uec45167JrLVYhUXoLAB_rYuNrF37sF12J2lFrXbq7FGq-z-8P-n7Zr8sKRBKL784ghLn6MtvFpRHqb1La2WkM39oCW25e-3fy8mU9Xd5XZXbRJc5yK5HEzovr3NYXNeoW2oemKbevx1jRzK8cGDFA"}]}
[2026-07-14 20:12:03][Notification] Pushing message to Group/Room ID: C18c4fc1422b1dc8bcf00d2b877acbf62
[2026-07-14 20:12:04][Notification] LINE API response code: 200, Response: {"sentMessages":[{"id":"622775996080718046","quoteToken":"iZoJCoAMztvDSDwEBh3OmfUUyrr4LwZ5N08ICiCfDmbDuwUMkrZG3uihYLp41IkC9VSsYiFseT7_tYIaXAcWLAhYcqd5T_QpZcY0IZcOOjWlauQr6t43rCgcGRUDeLzUDPpmXlgTIXfpcV7x-lFIVg"}]}
[2026-07-18 15:07:58][Notification] Pushing message to Group/Room ID: C18c4fc1422b1dc8bcf00d2b877acbf62
[2026-07-18 15:07:59][Notification] LINE API response code: 200, Response: {"sentMessages":[{"id":"623325207004184595","quoteToken":"1M-rvUmTruqFqt8ZdfyHAs6cmOL4XCkNMwl-TyPgsils1yXEcEPLcjCG523yl0A1eYktz5ayR7sLDds-Z_zpBvHDS6Sshk4r6SXtxKjvK2cXIDqp8Axi345lLdBj9Nmmf5i79bwZlk1UEep5hjZgdA"}]}
[2026-07-20 08:40:17][Notification] Pushing message to Group/Room ID: C18c4fc1422b1dc8bcf00d2b877acbf62
[2026-07-20 08:40:17][Notification] LINE API response code: 200, Response: {"sentMessages":[{"id":"623576090790593195","quoteToken":"mEmxlgzqtDTp1aIFt-gnljBjHek570dmtd-cucVNyJckAwBPHzyjT6FXHAVgeeP1GTJbvDkYcfDbUPAqh3Zr3q7UPPthWma1_Rd97FrzNvReLL5wZqu7qYSnS-z1EY9SqfzW1qiaiohBBFyDEDc6Wg"}]}
[2026-07-20 08:41:32][Notification] Pushing message to Group/Room ID: C18c4fc1422b1dc8bcf00d2b877acbf62
[2026-07-20 08:41:32][Notification] LINE API response code: 200, Response: {"sentMessages":[{"id":"623576216217321509","quoteToken":"IjBR74ayVMpyra9Ghw3WspCECIVWZSsDYk3Jiv-Y0Yenvby7tkadARu6wYAvyUVy1PJbom5CurvwmJHK4woPZGUsts5HptazY2abmwwYE6ApVozFQlh_-Ac7UKTI-KIwg_7w3A4PdbpZhRpygqR1Aw"}]}
[2026-07-25 14:22:01] Received webhook request.
[2026-07-25 14:22:01] Payload: {"destination":"U917fa6fe7885e6d1b36d91196e0cab15","events":[{"type":"message","message":{"type":"text","id":"624335263858688172","quoteToken":"mA8Pqf62eYrmYMvRLmA1t3TJ11tuL12SxG3M7A-yBr6eCwr4dvPWzoC3c61AOIYEGiGWyYOsrsxGGIGLjfsAs04BE2JZVVgY14VPEBE3ABKDBTLFscDa-y402s_2VL8c3JNpqPhcy4TPeZlQCf4TeA","markAsReadToken":"8IWk2pryl93Hffhbe3ZUz8BsoDU9eJRI61pNzj8xaYJpxQcBSc1d_hIIYX34UPyj6dXN57VPTuF7pDEkvWgdVg5uaVYZh-KDa5wQmM8-Ub6FYdcKwb7VcGPYIDe_WvWboNRK376ChtZ150g2HRzWV57TDHZrUa2VoQU-NQ95DHqaRt72TFC2UrhCzffbRXuYKZ4Sdw7kT_kO1qwzVLg_UQ","text":"ผูกบัญชี "},"webhookEventId":"01KYC2E08RGSFTA3Y1TKYPW95E","deliveryContext":{"isRedelivery":false},"timestamp":1784964120348,"source":{"type":"user","userId":"U26e1a51d22e8dafd8aeb7bc016728da1"},"replyToken":"b78778c981b64b8d9c95a63ef090c394","mode":"active"}]}
[2026-07-25 14:22:01] Signature verified successfully.
[2026-07-25 14:23:14] Received webhook request.
[2026-07-25 14:23:14] Payload: {"destination":"U917fa6fe7885e6d1b36d91196e0cab15","events":[{"type":"message","message":{"type":"text","id":"624335386147553775","quoteToken":"t1twDilG38DrezBK5JFdty8v-sCA7k545b5T3PIX08p7aaWUcHtsWBydUBSYlw1mUq-H49aggSjbQNDBCt6Uj1qou9FkGKwqqtHKj5T9qES8FOGF1eKIY6tId3-hit8g53VsvNYGtZA0qp20tuZ8lw","markAsReadToken":"qMBCpQMSp4MsuJKYdnx8w0nlSuuP2mhMZU1K41bOjrWkkUnsP8TgySWMdEshxZw-wVseZrR--CpvgpLCPiCHOJkeGBPbcjPusEb05sWVJ7ikJLOcLaaUlvZZLxszEIFWWGm3r8HjWfDTM_MJGW4gGScfq88SETRMsyKSerT-yLuOXQWaw7IUSXvV_A3Ay6yuejqw9fiZvgpZU6WgREyaKQ","text":"ผูกบัญชี เมธีพัชร์ ช่่นชาวนา"},"webhookEventId":"01KYC2G7C9CA19HVRB5X135ET7","deliveryContext":{"isRedelivery":false},"timestamp":1784964193166,"source":{"type":"user","userId":"U26e1a51d22e8dafd8aeb7bc016728da1"},"replyToken":"66619096ee074a71ba341f28990ed6e0","mode":"active"}]}
[2026-07-25 14:23:14] Signature verified successfully.
[2026-07-25 14:28:11] Received webhook request.
[2026-07-25 14:28:11] Payload: {"destination":"U917fa6fe7885e6d1b36d91196e0cab15","events":[{"type":"message","message":{"type":"text","id":"624335884648448177","quoteToken":"Cd-xLQauZYOY1cNxnSGMCuplLRm-otkJcgwyyktKFOYy0_AqnbRC3Zpbgw4xgfhP0wJn9XEJkASJDLuHY8TfkK81qIyHo6bmkpgMRiJNP2dk3U5BZR85xTlvXi9mxw7bV9TWdrPmavU5oAJOkTN3Zg","markAsReadToken":"F2zNeLbjfBJkhjCtFQmgwZ857-EH2ugrAVnLATrkg1opudR6AhcAmtUJlSBsUJ8-p2F6ZAse4Hf9QRfxKCHMTtQ4Iexdc_Qxx-kJvcL7mH8q6guwfYcH_26bgkhALa4BINyfRFGjnB7oT1emeuzTuiAtF_DrnKndcdJDO7K0ZmJOm3VOBKlkplRwIjdfh-fsEnCubtTvnMKgDXDGOkjh_Q","text":"ผูกบัญชี เมธีพัชร์ ช่่นชาวนา"},"webhookEventId":"01KYC2S9JVBYPFWAKDKF0603H8","deliveryContext":{"isRedelivery":false},"timestamp":1784964490456,"source":{"type":"user","userId":"U26e1a51d22e8dafd8aeb7bc016728da1"},"replyToken":"f43d553af7f641fc9c4e4df88c1ebff9","mode":"active"}]}
[2026-07-25 14:28:11] Signature verified successfully.
[2026-07-25 14:28:42] Received webhook request.
[2026-07-25 14:28:42] Payload: {"destination":"U917fa6fe7885e6d1b36d91196e0cab15","events":[{"type":"message","message":{"type":"text","id":"624335937010663630","quoteToken":"90898PSkd54qXb_MGEjsBNMVRIb_Z8TZfbwjev0axs6NYDg2gxQezc6MSpQUOu3ERmNM1Ezwp0jgtFJKzylDw9xmMFs7HLcWblk7uYmqwqS9kb3rGN0yismmn4Znd3haYt6JFVc1noTcPPqRTw7iZg","markAsReadToken":"69FY42SWE9O92ha1D9G6OiuHraf1DmtB2WfR5V7GU2lUetLMxZALh0FwS_-INxFMigAL3wQ5gUy_4PH2ob4Tik4n-TBMhmkl-MZpdpA0VH0Gf45hOvpvSvt4eQ2WHb2yoG79kfCYBfrPGc8m2U4dr-0koGGcbyifZpILfKM5q03NTWWr9r359o_f7TflzJqGBPe6wJndgZU_RibXFNcWHg","text":"ผูกบัญชีเมธีพัชร์ ช่่นชาวนา"},"webhookEventId":"01KYC2T7SDK3VVWV4N3K6BPH2D","deliveryContext":{"isRedelivery":false},"timestamp":1784964521514,"source":{"type":"user","userId":"U26e1a51d22e8dafd8aeb7bc016728da1"},"replyToken":"a4e241831ad242d8815c9b62cc3409ad","mode":"active"}]}
[2026-07-25 14:28:42] Signature verified successfully.
[2026-07-25 14:46:01] Received webhook request.
[2026-07-25 14:46:01] Payload: {"destination":"U917fa6fe7885e6d1b36d91196e0cab15","events":[{"type":"message","message":{"type":"text","id":"624337680649945259","quoteToken":"oRE8ARi-ed1eccH58O63iWPPe4KVgegCjt1kpt-vkhHgEC4SXSDY6uGWLtw6ySCxEQ8rYUPCFt8HAha5uTO0s7ex_0SQ_6P14ytsKPWZSuSxDoXMEGeVEq2yHsEUX4wqgSRVE2tnt2Sd3JtKEHS57Q","markAsReadToken":"nsr2JN4fx_xxw2GOoqkO622AqXug45LxqpfCg9lQLgL91BUwBBWWbpUjvkvvXdcg7KuKhVKnByttJZiuK-FuVOYfzG78NsQ-RMqHJIASY2baikpI8eGeWh78e5QKG5MEAaXDIkwy-p_W5d3koF21XaqqmTvG6Xxh8udvS9sxWb8Tfap1lXqv9qWJkc8UgFIU9euZZ1h2GeFMs5QzR1_EDA","text":"ผูกบัญชีเมธีพัชร์"},"webhookEventId":"01KYC3SYQGN26AJB9M2CA6C0E6","deliveryContext":{"isRedelivery":false},"timestamp":1784965560757,"source":{"type":"user","userId":"U26e1a51d22e8dafd8aeb7bc016728da1"},"replyToken":"2fd33b0cfffa4b21814b97d4d1aa84b0","mode":"active"}]}
[2026-07-25 14:46:01] Signature verified successfully.
[2026-07-25 14:48:49] Received webhook request.
[2026-07-25 14:48:49] Payload: {"destination":"U917fa6fe7885e6d1b36d91196e0cab15","events":[{"type":"message","message":{"type":"text","id":"624337961097363662","quoteToken":"BsTt5pNAL5j0nCPdDkTukIFfMaPI-cpG87cxB960NtkF3ZilE6rmBDhKwwRzuIbrbyEMLIMb0zkaxKIzzk108-j9U6mmVJaGY52kNxAV58BxKUMSobBgsb1zu0gt5BrcPAhvP8K9_Idqy8o4wKCEzg","markAsReadToken":"47TW3blCcyT1_iLGqPBooMdOlagPvSGWrvfacuBt90Za_O0cNnGSWp5ZlHbA6GDpNCF52mjEUBgDkz6O6HJBmqzpHdcjJpElReK-N8yL0ltFfO5eFT7qe--axX2o8mP5noYRb9VZe-NG4XoERjTxUYP0dSB7cInEdXZcBRIcEctDBa1lKQXAVKC38GCs0Z1o0e0phhfL9QfnNqLpToW1eA","text":"ผูกบัญชี เมธีพัชร์ ชื่นชาวนา"},"webhookEventId":"01KYC3Z1SN2Y606DZX23QX6SCQ","deliveryContext":{"isRedelivery":false},"timestamp":1784965728022,"source":{"type":"user","userId":"U26e1a51d22e8dafd8aeb7bc016728da1"},"replyToken":"ebeb87cd6b5040f3bce029a2b40722a9","mode":"active"}]}
[2026-07-25 14:48:49] Signature verified successfully.
[2026-07-25 14:49:05] Received webhook request.
[2026-07-25 14:49:05] Payload: {"destination":"U917fa6fe7885e6d1b36d91196e0cab15","events":[{"type":"message","message":{"type":"text","id":"624337989602378307","quoteToken":"dt7GVQTqleFYmFXoViWZL98t9cUoFXVSPzs9nlwtmf6iq8LsDJl0QjFgL7cvRZOnYUtNh963D2Xm90TxnrIc_gd2OHYLTaVdGcUYbRuMVsOVFYjYl3sfEFwPR8eSrcoDfZ0d_iek1XWxjO4StdNUwg","markAsReadToken":"MZfCrU6Xn43jaN-6wCOVUaquHWlg7CUni3QS6Ij2Ife2o88L_P873Gb0OnVdqGXALgO0D5x-brUSriVkJU07QO1sJFW8spLq0A4oCf30li5UAz-Dy7CJGQbo_E4m3zYq7sio2kM_DIFePdQi1AQ0ZwF_f8vfaJO0q4IVRdX3EIHlAJ-pjIiWKesRuj1KlU0vVh7areFg3AGo382GT6aMew","text":"ผูกบัญชี เมธีพัชร์ ชื่นชาวนา"},"webhookEventId":"01KYC3ZJF8DB43MVQ23WM2EVRK","deliveryContext":{"isRedelivery":false},"timestamp":1784965744913,"source":{"type":"user","userId":"U26e1a51d22e8dafd8aeb7bc016728da1"},"replyToken":"6a32801ea4d64c4ca8caa591c56d1f74","mode":"active"}]}
[2026-07-25 14:49:05] Signature verified successfully.
[2026-07-25 14:54:15] Received webhook request.
[2026-07-25 14:54:15] Payload: {"destination":"U917fa6fe7885e6d1b36d91196e0cab15","events":[{"type":"message","message":{"type":"text","id":"624338509528301927","quoteToken":"QFN6yfXM0Xf9w2LBcPEIugiyIHYA40qgcs8Voz4JkmjyMVJozRDXWhuV_EFrmne2jJnFqbSCyIiDJ5Vuslnb4x8AXJF8rAu6lq2GqsKxMWD9AhdA4-CVbrEuT9v5bfWF47JIVk4lbfWN56lkOSFwyw","markAsReadToken":"FWry5WD2fpdaK3cmNd_Zck5sYEarrrZ3oCdcbeXSsBZHwWni32W--vv1ISL1zHJH7FbI7-lAUyRJL3EoGuijGyiNQVqWFCyUKhygSJ1uT04oRvfAkq16rfXpMySiYYBCF2-XHNywQ4HE84LxiKnjAqaAuHeVT31rg8xgwQCsH5mLjoUq4CO3L5YgWQClFSyeyk61thlsbf6aiGp-79fSDw","text":"ผูกบัญชี เมธีพัชร์ ชื่นชาวนา"},"webhookEventId":"01KYC491CGKX5S8A08CAAYZ475","deliveryContext":{"isRedelivery":false},"timestamp":1784966054945,"source":{"type":"user","userId":"U26e1a51d22e8dafd8aeb7bc016728da1"},"replyToken":"c4874a9698584d6a942ea1c2baca983b","mode":"active"}]}
[2026-07-25 14:54:15] Signature verified successfully.
[2026-07-25 14:54:18] Forwarded to Next.js. Response Code: 200, Response: OK
[2026-07-25 14:55:18] Received webhook request.
[2026-07-25 14:55:18] Payload: {"destination":"U917fa6fe7885e6d1b36d91196e0cab15","events":[{"type":"message","message":{"type":"text","id":"624338509528301927","quoteToken":"QFN6yfXM0Xf9w2LBcPEIugiyIHYA40qgcs8Voz4JkmjyMVJozRDXWhuV_EFrmne2jJnFqbSCyIiDJ5Vuslnb4x8AXJF8rAu6lq2GqsKxMWD9AhdA4-CVbrEuT9v5bfWF47JIVk4lbfWN56lkOSFwyw","markAsReadToken":"FWry5WD2fpdaK3cmNd_Zck5sYEarrrZ3oCdcbeXSsBZHwWni32W--vv1ISL1zHJH7FbI7-lAUyRJL3EoGuijGyiNQVqWFCyUKhygSJ1uT04oRvfAkq16rfXpMySiYYBCF2-XHNywQ4HE84LxiKnjAqaAuHeVT31rg8xgwQCsH5mLjoUq4CO3L5YgWQClFSyeyk61thlsbf6aiGp-79fSDw","text":"ผูกบัญชี เมธีพัชร์ ชื่นชาวนา"},"webhookEventId":"01KYC491CGKX5S8A08CAAYZ475","deliveryContext":{"isRedelivery":true},"timestamp":1784966054945,"source":{"type":"user","userId":"U26e1a51d22e8dafd8aeb7bc016728da1"},"replyToken":"c4874a9698584d6a942ea1c2baca983b","mode":"active"}]}
[2026-07-25 14:55:18] Signature verified successfully.
[2026-07-25 14:55:19] Forwarded to Next.js. Response Code: 200, Response: OK
[2026-07-25 14:56:06] Received webhook request.
[2026-07-25 14:56:06] Payload: {"destination":"U917fa6fe7885e6d1b36d91196e0cab15","events":[{"type":"message","message":{"type":"text","id":"624338694848905851","quoteToken":"GVdfv3oBhdMdHclcO6eVvwzwIi2bnVueN8s_kqRGwgKBAkPMrkPzO8AUlJLj26SZM-5WCs1kBdYLLKsmOx7dyAWMjX4QDipmxO2rlTIep7co7-5HiySE9G4hl_A2S8UGUuR0O_-45Y152o7iJpWvmA","markAsReadToken":"IXs5E3Cl6exWJp7gRmlG3U4MAmG9_M9wYi_WAp-7MFEYecQnz5mHzq7GFuyTYDTvVLVTadJ-ufyFDWihg8P_MQorLMKNly6OZfbJKfMwaiTbbIngK-F8qcbSLM34kxj9v8GZIOHMs9FDo_IDAEH6YqbEk6dlGS1KfUzPdm9j4saLG6A3_V7PchNK-fZpotIvjmdC-y7fXjeh5BJZfUNfYg","text":"ผูกบัญชี เมธีพัชร์ ชื่นชาวนา"},"webhookEventId":"01KYC4CD82E9N5T4GYJW4HYAPX","deliveryContext":{"isRedelivery":false},"timestamp":1784966165352,"source":{"type":"user","userId":"U26e1a51d22e8dafd8aeb7bc016728da1"},"replyToken":"3aa0866bacae4fa2a3ca1ea353a22ea3","mode":"active"}]}
[2026-07-25 14:56:06] Signature verified successfully.
[2026-07-25 14:56:07] Forwarded to Next.js. Response Code: 200, Response: OK
[2026-07-25 14:56:25] Received webhook request.
[2026-07-25 14:56:25] Payload: {"destination":"U917fa6fe7885e6d1b36d91196e0cab15","events":[{"type":"message","message":{"type":"text","id":"624338728051540479","quoteToken":"V1pZ60xw0e14DZzKvxjHbf7-ppf8guL1RYmOV9CMsjLT_-BTSQw4ND4W6eVX0q1jk2Gsg1CBZfeX1mIWF7w_8J5_AKwo-J8ZMfgTpLmCELELatpN0QPJB_BBLACyqc-1gSG7n10Rxn1m7Z7L63rIXQ","markAsReadToken":"Gmk7mmFLD1hqThQor7wirh0v8YiU5Q0dihYmw0btaMC6Sz0wb7MK5D54r3Pvc3fe5T49tkDT0lX8cHqtF2nrAVwpFN-EaJOrtF4QEV9Ub6Ek-K4q-W31lR4aT9SGePnpPUS6W6S2KBDTGSJpotwf05VmuhyLV_NrfzA7ix8gpF0lFS5Ijr-APDPu-JcN4kSs0kHs1vMeNeluuDCkDriX6w","text":"ผูกบัญชี เมธีพัชร์ ชื่นชาวนา"},"webhookEventId":"01KYC4D0A4RDTQWQCTZXTW4K3V","deliveryContext":{"isRedelivery":false},"timestamp":1784966185064,"source":{"type":"group","groupId":"C18c4fc1422b1dc8bcf00d2b877acbf62","userId":"U26e1a51d22e8dafd8aeb7bc016728da1"},"replyToken":"e72fdad163a64907869cb5106b64f9c1","mode":"active"}]}
[2026-07-25 14:56:25] Signature verified successfully.
[2026-07-25 14:56:28] Forwarded to Next.js. Response Code: 200, Response: OK
[2026-07-25 14:56:28] Detected Group ID: C18c4fc1422b1dc8bcf00d2b877acbf62
[2026-07-25 14:57:28] Received webhook request.
[2026-07-25 14:57:28] Payload: {"destination":"U917fa6fe7885e6d1b36d91196e0cab15","events":[{"type":"message","message":{"type":"text","id":"624338728051540479","quoteToken":"V1pZ60xw0e14DZzKvxjHbf7-ppf8guL1RYmOV9CMsjLT_-BTSQw4ND4W6eVX0q1jk2Gsg1CBZfeX1mIWF7w_8J5_AKwo-J8ZMfgTpLmCELELatpN0QPJB_BBLACyqc-1gSG7n10Rxn1m7Z7L63rIXQ","markAsReadToken":"Gmk7mmFLD1hqThQor7wirh0v8YiU5Q0dihYmw0btaMC6Sz0wb7MK5D54r3Pvc3fe5T49tkDT0lX8cHqtF2nrAVwpFN-EaJOrtF4QEV9Ub6Ek-K4q-W31lR4aT9SGePnpPUS6W6S2KBDTGSJpotwf05VmuhyLV_NrfzA7ix8gpF0lFS5Ijr-APDPu-JcN4kSs0kHs1vMeNeluuDCkDriX6w","text":"ผูกบัญชี เมธีพัชร์ ชื่นชาวนา"},"webhookEventId":"01KYC4D0A4RDTQWQCTZXTW4K3V","deliveryContext":{"isRedelivery":true},"timestamp":1784966185064,"source":{"type":"group","groupId":"C18c4fc1422b1dc8bcf00d2b877acbf62","userId":"U26e1a51d22e8dafd8aeb7bc016728da1"},"replyToken":"e72fdad163a64907869cb5106b64f9c1","mode":"active"}]}
[2026-07-25 14:57:28] Signature verified successfully.
[2026-07-25 14:57:29] Forwarded to Next.js. Response Code: 200, Response: OK
[2026-07-25 14:57:29] Detected Group ID: C18c4fc1422b1dc8bcf00d2b877acbf62
[2026-07-25 14:59:42] Received webhook request.
[2026-07-25 14:59:42] Payload: {"destination":"U917fa6fe7885e6d1b36d91196e0cab15","events":[{"type":"message","message":{"type":"text","id":"624339058881462511","quoteToken":"o7MkKRiy45Ojo2KUV7k7A_LN7yRxypnXtcj_8kYdsAy8Heh-WdXewfh8W5pU773uIbIHUmosUBgCJPTSa6vTYnOYiiU3eOwEA5C2E8ctIn7GMjXVDBwkSs43NTJq8I4D-hAigOO4f7St9JK-_KFxnw","markAsReadToken":"NY6ZkWZavvO_FRJwHeeVetBPh_xtK7Ktg4KeS4YP5HzE4ZsB2BqWkQWBMEFfE0bD3cY2ggcdADFgE1Kgbom8WkaYemYTkUZ-P4vHNpiUr0tZKcr-eH_axGO-TM_VLK21u7WxTB7W3QDMMqNlMnp8PfI6cjnTgFYdcc2_-U-wXvxQlD_bjYAEYk6WHwgj2TCURQh6DAexG2VK0Rd43AWiZA","text":"ผูกบัญชี เมธีพัชร์ ชื่นชาวนา"},"webhookEventId":"01KYC4K0RJZCN2NQ2S5R6WVWXP","deliveryContext":{"isRedelivery":false},"timestamp":1784966382251,"source":{"type":"user","userId":"U26e1a51d22e8dafd8aeb7bc016728da1"},"replyToken":"133df4fc070541e9a243e12db3b206c9","mode":"active"}]}
[2026-07-25 14:59:42] Signature verified successfully.
[2026-07-25 14:59:44] Forwarded to Next.js. Response Code: 200, Response: OK
[2026-07-25 15:01:23][Notification] Pushing message to Group/Room ID: C18c4fc1422b1dc8bcf00d2b877acbf62
[2026-07-25 15:01:24][Notification] LINE API response code: 200, Response: {"sentMessages":[{"id":"624339229824516477","quoteToken":"dTlRDnuPL0znAM287VFsGpYWncUQU9M-tOkCNS-6iPSh4tgndLHTJfKEKY42QEEjstyBAy4f_DE41X-8eC20ebauNbfAbQ7FETcx1JaSjjWZj45iFitKcugsS0Te89xJfDdfgBwiZkK2-niiuwEWPQ"}]}
[2026-07-26 09:46:08] Received webhook request.
[2026-07-26 09:46:08] Payload: {"destination":"U917fa6fe7885e6d1b36d91196e0cab15","events":[{"type":"follow","follow":{"isUnblocked":false},"webhookEventId":"01KYE51J7J03FFZKA1EKDG0F9H","deliveryContext":{"isRedelivery":false},"timestamp":1785033967664,"source":{"type":"user","userId":"U255fee1f0765cabd3c94aeb07cf8d59d"},"replyToken":"8349ea39833e45fd9dc2ca3900113878","mode":"active"}]}
[2026-07-26 09:46:08] Signature verified successfully.
[2026-07-26 09:46:13] Forwarded to Next.js. Response Code: 0, Response: 
[2026-07-26 09:46:16] Received webhook request.
[2026-07-26 09:46:16] Payload: {"destination":"U917fa6fe7885e6d1b36d91196e0cab15","events":[{"type":"message","message":{"type":"text","id":"624452462811546098","quoteToken":"sf7xYaLQKVxzY1HJ_jqFrku2LnYScMZdjQ5xVjXLXkaFCXbu-1FN6AlB42LUFvsE25IVYF4L66chM9cc04RLb5CIZHNVzEjkebmejtsCHU79pwPn1SQ-uXDonUDk1MSdNtVNvwF7vCVyiwRg4NbGEw","markAsReadToken":"QQMBG1ydsiQgxO_uchONLqqsETcK_kwKIZS1Zr0M4ipBwnDiKIuPYwbgp_2m1cY9d6N3UYiV1ohrcru2LCrgA_SxQwxosWgLDKmRbXABTuS79QIUg6aRhRKNX9zbn7xjukwAiJv-VKaOH_-bROtuVv69bhKbUuzjg9U8Z6XAr9dfhZW1lhxzCKWTfjQdAFD9j0Mvz_gbqLLeqofTWd1Nyw","text":"ดีจ้า"},"webhookEventId":"01KYE51TG3HTDY6G4WW8ZJ5VW8","deliveryContext":{"isRedelivery":false},"timestamp":1785033976267,"source":{"type":"user","userId":"U255fee1f0765cabd3c94aeb07cf8d59d"},"replyToken":"2afb251c6ad04796b0c86eaacebc6c4c","mode":"active"}]}
[2026-07-26 09:46:16] Signature verified successfully.
[2026-07-26 09:46:21] Forwarded to Next.js. Response Code: 0, Response: 
[2026-07-26 09:47:10] Received webhook request.
[2026-07-26 09:47:10] Payload: {"destination":"U917fa6fe7885e6d1b36d91196e0cab15","events":[{"type":"follow","follow":{"isUnblocked":false},"webhookEventId":"01KYE51J7J03FFZKA1EKDG0F9H","deliveryContext":{"isRedelivery":true},"timestamp":1785033967664,"source":{"type":"user","userId":"U255fee1f0765cabd3c94aeb07cf8d59d"},"replyToken":"8349ea39833e45fd9dc2ca3900113878","mode":"active"}]}
[2026-07-26 09:47:10] Signature verified successfully.
[2026-07-26 09:47:10] Forwarded to Next.js. Response Code: 200, Response: OK
[2026-07-26 09:47:19] Received webhook request.
[2026-07-26 09:47:19] Payload: {"destination":"U917fa6fe7885e6d1b36d91196e0cab15","events":[{"type":"message","message":{"type":"text","id":"624452462811546098","quoteToken":"sf7xYaLQKVxzY1HJ_jqFrku2LnYScMZdjQ5xVjXLXkaFCXbu-1FN6AlB42LUFvsE25IVYF4L66chM9cc04RLb5CIZHNVzEjkebmejtsCHU79pwPn1SQ-uXDonUDk1MSdNtVNvwF7vCVyiwRg4NbGEw","markAsReadToken":"QQMBG1ydsiQgxO_uchONLqqsETcK_kwKIZS1Zr0M4ipBwnDiKIuPYwbgp_2m1cY9d6N3UYiV1ohrcru2LCrgA_SxQwxosWgLDKmRbXABTuS79QIUg6aRhRKNX9zbn7xjukwAiJv-VKaOH_-bROtuVv69bhKbUuzjg9U8Z6XAr9dfhZW1lhxzCKWTfjQdAFD9j0Mvz_gbqLLeqofTWd1Nyw","text":"ดีจ้า"},"webhookEventId":"01KYE51TG3HTDY6G4WW8ZJ5VW8","deliveryContext":{"isRedelivery":true},"timestamp":1785033976267,"source":{"type":"user","userId":"U255fee1f0765cabd3c94aeb07cf8d59d"},"replyToken":"2afb251c6ad04796b0c86eaacebc6c4c","mode":"active"}]}
[2026-07-26 09:47:19] Signature verified successfully.
[2026-07-26 09:47:19] Forwarded to Next.js. Response Code: 200, Response: OK
[2026-07-26 10:09:53][Notification] Pushing message to Group/Room ID: C18c4fc1422b1dc8bcf00d2b877acbf62
[2026-07-26 10:09:53][Notification] LINE API response code: 200, Response: {"sentMessages":[{"id":"624454840696701338","quoteToken":"8onLZuOfZtNlj9uw4BjQjgd319t2Iuxiq1M57r7C5OIn01MlFoFtVpQzQTfvBYRyvlQwDHotzXsYq25jrn3yMFuiLd9EAOi5dm-vOsYEaANnJqAWMq3IoEV7-1ZVb_dZ5919hG3efsGRtoNNajTdOg"}]}
[2026-07-26 10:25:59][Notification] Pushing message to Group/Room ID: C18c4fc1422b1dc8bcf00d2b877acbf62
[2026-07-26 10:25:59][Notification] LINE API response code: 200, Response: {"sentMessages":[{"id":"624456460621578622","quoteToken":"IumWepUXwl2EbVGjban99quoBPtgHhS3Cxxc2iEpAV6qmuhfboZHdYN0f1HSv0v0ibalmJJm1LyNH7K0Sy3YoU5bNp42Oon9tHnK15nD1teodqBnuTYATtwgCwDyxpKXMreLP_2Ime_wKixP30OuoA"}]}
[2026-07-26 10:28:24][Notification] Pushing message to Group/Room ID: C18c4fc1422b1dc8bcf00d2b877acbf62
[2026-07-26 10:28:24][Notification] LINE API response code: 200, Response: {"sentMessages":[{"id":"624456704460849190","quoteToken":"2PY_Y1dU9a2wqzMAUx6PiSsOpP6hOI8YlEjg1r9FkdfdUk_RHPIAyZyBWhOru51zzwYxh9Ulnt5_UEPeJXCpRKaj_ZdHlwWGwSwkxdIBp-bq5y6-HXu9RVM8Db_oZi5SM3S8oq9FIh00TyNtYfYOXg"}]}
[2026-07-26 10:31:10][Notification] Pushing message to Group/Room ID: C18c4fc1422b1dc8bcf00d2b877acbf62
[2026-07-26 10:31:10][Notification] LINE API response code: 200, Response: {"sentMessages":[{"id":"624456982744531052","quoteToken":"Y-mhjEZ4Vg8d5edybu3ZzYyXz8Fv00k5V2wwJ37lmJ3LGICzL__Qcl8KlTMcWybyIm7NVC3L1MkEB7DYC5ZKs_KrW69rLS77IMm3iCoUjAVNp5yP7ktXzscysZLAwAdrvzT1fg10g_qdxaUNMn1HKw"}]}
[2026-07-26 10:31:13][Notification] Pushing message to Group/Room ID: C18c4fc1422b1dc8bcf00d2b877acbf62
[2026-07-26 10:31:13][Notification] LINE API response code: 200, Response: {"sentMessages":[{"id":"624456987845067321","quoteToken":"usTTSm3cxsv5SMo8Iad6A4AyBGXGDrkqdgueC6QcjwE05GUJ2lY6LOm15VZc81ApTCcXJc9x-fRjbc4LBGUiIGDcYEGRn3EhBqDFbDjOXsS9h6hmeqK65kmKzdt31dXDZw3EOaBfJBJUjeOht1Y9yA"}]}
[2026-07-26 10:38:05][Notification] Pushing message to Group/Room ID: C18c4fc1422b1dc8bcf00d2b877acbf62
[2026-07-26 10:38:05][Notification] LINE API response code: 200, Response: {"sentMessages":[{"id":"624457679066366591","quoteToken":"7cs3jbW3_iYPs9zI7Nj_vcIKd_nsCOgB9RfxWTlpEwEaSUyeq0nG1WdyWtiyBNsUFZF0TtlE3vXj3ZBCol6BoyUFsp6hKfLrU4dhmH3Dk6jf8Kphn1QMU593G_nRESRDvCEmFPreIbwHPL_dXlpRrA"}]}
[2026-07-26 10:38:48][Notification] Pushing message to Group/Room ID: C18c4fc1422b1dc8bcf00d2b877acbf62
[2026-07-26 10:38:48][Notification] LINE API response code: 200, Response: {"sentMessages":[{"id":"624457751661904180","quoteToken":"6L2FXFuUYmamuatZy_o70UfDxbL7Qq1T5mIvzdYgJsJT0JPA3IPPrwFKZJqrw0_f0inAyY1SvwmdnuLLGa6LRj4zxa3cpnKlH47bbV4Q-Kz9TLJyYyyhI9sGsY5NOzFMNNyrSn16WX6joYX0bzZraw"}]}
[2026-07-26 10:38:52][Notification] Pushing message to Group/Room ID: C18c4fc1422b1dc8bcf00d2b877acbf62
[2026-07-26 10:38:53][Notification] LINE API response code: 200, Response: {"sentMessages":[{"id":"624457758708072858","quoteToken":"YfYaqdGkCvYb2iqU19PYgZMF-ymA2ribE9LE_JM8Zm2-A2r-9agfe2Cjd8Xd3AVJD90Pyc-4gW27LyAwEN85qxeNvVRYZ3sv0qlT5nUy3D0rdKwnrvhHJicbJnDh77bb1N9XYc7dsUW0EUWXBX4Hyg"}]}
[2026-07-26 10:38:57][Notification] Pushing message to Group/Room ID: C18c4fc1422b1dc8bcf00d2b877acbf62
[2026-07-26 10:38:57][Notification] LINE API response code: 200, Response: {"sentMessages":[{"id":"624457767113458124","quoteToken":"YH1oDnqguQpWPv2pWAW-4vl98CRS7BnHmY9FoaVKgtlyMd5o1mizL2JtqQg4x7PXXrGnTz6sQctnBz2N84vpIIj8teHVMVqFi8M0e5qXw5w18x5KbsLj6WwBKCdtWGTrrSnMigoVZv48BIB18eemEQ"}]}
[2026-07-26 10:39:08][Notification] Pushing message to Group/Room ID: C18c4fc1422b1dc8bcf00d2b877acbf62
[2026-07-26 10:39:08][Notification] LINE API response code: 200, Response: {"sentMessages":[{"id":"624457784863752555","quoteToken":"Pr_V5FcNnQAePZi1AAbZfeGmQvJ9ZyBFj-NkRWhXAPL1nPW78Yup0qHW5LZhGK_VuJgS-_FpoX0t59rMLo-ghnqlGPxnJvv1deFVWiBcjtp4s8YpYjc0oqDtWtfS-wrG1SByuibZAMSt6cCcpicovw"}]}
[2026-07-26 12:01:38][Notification] Pushing message to Group/Room ID: C18c4fc1422b1dc8bcf00d2b877acbf62
[2026-07-26 12:01:38][Notification] LINE API response code: 200, Response: {"sentMessages":[{"id":"624466089635479560","quoteToken":"WxdZC8XB6A_FuuCuC23uA7TH_2aGJVXXhnUr2z_Tivyldp8_BW1rAfbEWVh1GsHP4hg-WrvJlTbmtzRQXim1uTayiiJrvinxM2tz8OEzgDGimfi3jpsv0YAIA-i1k_dKkJ0r4J_vdDQfe4dcbDyLCg"}]}
[2026-07-26 14:58:26] Received webhook request.
[2026-07-26 14:58:26] Payload: {"destination":"U917fa6fe7885e6d1b36d91196e0cab15","events":[{"type":"follow","follow":{"isUnblocked":false},"webhookEventId":"01KYEPXD2G0A279D0565E1WY3N","deliveryContext":{"isRedelivery":false},"timestamp":1785052705646,"source":{"type":"user","userId":"U6da8095b08a3ac4c784d4f778c5a1ebf"},"replyToken":"90b2611d72a4460e9244b7d04fa708aa","mode":"active"}]}
[2026-07-26 14:58:26] Signature verified successfully.
[2026-07-26 14:58:31] Forwarded to Next.js. Response Code: 0, Response: 
[2026-07-26 14:59:28] Received webhook request.
[2026-07-26 14:59:28] Payload: {"destination":"U917fa6fe7885e6d1b36d91196e0cab15","events":[{"type":"follow","follow":{"isUnblocked":false},"webhookEventId":"01KYEPXD2G0A279D0565E1WY3N","deliveryContext":{"isRedelivery":true},"timestamp":1785052705646,"source":{"type":"user","userId":"U6da8095b08a3ac4c784d4f778c5a1ebf"},"replyToken":"90b2611d72a4460e9244b7d04fa708aa","mode":"active"}]}
[2026-07-26 14:59:28] Signature verified successfully.
[2026-07-26 14:59:28] Forwarded to Next.js. Response Code: 200, Response: OK
[2026-07-26 15:49:25] Received webhook request.
[2026-07-26 15:49:25] Payload: {"destination":"U917fa6fe7885e6d1b36d91196e0cab15","events":[{"type":"message","message":{"type":"text","id":"624489016691786004","quoteToken":"umjyRxXcJVytOAbe9Jf6txccIqey1Y-KpQUE32N_q9PICDJwlFE9LP85g1fzVnjoVZyL1U4OXvt0VEs4_WiHnJ6yblYbNOO8kNOfc1jmXFyV3oMISOALvO_BjUVP4H4_PHxzXKogSgDRiTNOA9KC4A","markAsReadToken":"41iTrH3Q8BjjIHB8oKHjqLTvOpLrrHpS6VXMvfgEIPjisdCh1PZHqWj3tdpym-jreVdBiY7SAK5ysKIh7RgEbPITLKx0LTeJ7KQIREOlEY-2iG7iPHJ1Fw4Kl3rgZlFyZbjqtZupdt9hyF7Y1mXgJ-Wr8T_TZ30nPxJrk9wx0UM1-vDUYJcRV7CZscRLKO32zPlGlokYQwFFIdijTT5T3g","text":"ผูกบัญชี\nสืบสกุลเกียรติ"},"webhookEventId":"01KYESTQZ4JGTPWHBN7P41TGAB","deliveryContext":{"isRedelivery":false},"timestamp":1785055764130,"source":{"type":"user","userId":"U6da8095b08a3ac4c784d4f778c5a1ebf"},"replyToken":"7b4a8f105b654b2cba546cee85d34d1a","mode":"active"}]}
[2026-07-26 15:49:25] Signature verified successfully.
[2026-07-26 15:49:26] Forwarded to Next.js. Response Code: 200, Response: OK
[2026-07-26 15:50:02][Notification] Pushing message to Group/Room ID: C18c4fc1422b1dc8bcf00d2b877acbf62
[2026-07-26 15:50:02][Notification] LINE API response code: 200, Response: {"sentMessages":[{"id":"624489081350390068","quoteToken":"7NZCNBpgewEWKGDyCj-tosARVN8x2mMFY-ea1MX2HiPs3Ci-2nv1YMuz12AheK_yhTC4G2oL73GXV86eouHhAeK05fkfGMzCznoQF356ghC3oVu6UwJ_-HUPwZ0grw3fiYXApsf5ucBUnSMGE-pcVg"}]}
[2026-08-01 10:37:56] DB Connection Failed: SQLSTATE[HY000] [1045] Access denied for user 'your_database_username'@'localhost' (using password: YES)
[2026-08-01 10:38:37] DB Connection Failed: SQLSTATE[HY000] [1045] Access denied for user 'your_database_username'@'localhost' (using password: YES)
[2026-08-01 10:40:13] DB Connection Failed: SQLSTATE[HY000] [1045] Access denied for user 'your_database_username'@'localhost' (using password: YES)
[2026-08-01 10:50:20] DB Connection Failed: SQLSTATE[HY000] [1045] Access denied for user 'your_database_username'@'localhost' (using password: YES)
[2026-08-01 10:52:01] DB Connection Failed: SQLSTATE[HY000] [1045] Access denied for user 'your_database_username'@'localhost' (using password: YES)
[2026-08-01 10:53:45] DB Connection Failed: SQLSTATE[HY000] [1045] Access denied for user 'your_database_username'@'localhost' (using password: YES)
[2026-08-01 10:55:39] DB Connection Failed: SQLSTATE[HY000] [1045] Access denied for user 'your_database_username'@'localhost' (using password: YES)
[2026-08-01 10:59:40] DB Connection Failed: SQLSTATE[HY000] [1045] Access denied for user 'your_database_username'@'localhost' (using password: YES)
[2026-08-01 11:00:41] DB Connection Failed: SQLSTATE[HY000] [1045] Access denied for user 'your_database_username'@'localhost' (using password: YES)
[2026-08-01 11:01:41] DB Connection Failed: SQLSTATE[HY000] [1045] Access denied for user 'your_database_username'@'localhost' (using password: YES)
[2026-08-01 11:02:22] Received webhook request.
[2026-08-01 11:02:22] Payload: {"destination":"U917fa6fe7885e6d1b36d91196e0cab15","events":[{"type":"message","message":{"type":"text","id":"625329853965009560","quoteToken":"j9qvDUjB7t-q6ccrjzLEOIc01rR7NOasZtqavbu5MA_TKNUgfXLgcqDZ6lLayLyMwqW94hqxRUme5CPUGuObqB1ltEwjFomBuvhmHpjKi1RVf_KAp3Sqo8xHfnVcbzh4ED-yDyDPRm1XVTEJSLvUMw","markAsReadToken":"5CLeN8GsASO2XSwCoZHMA6yQLg3w4ZAnda3RKT99jr8-BC38Uk-xqbBOWcytvTNsEmaVQKIPwgVGMtrmcENslkEURUDQD0n3gyTfmrx4NiBG5NDdMnV4EYLpJsZ66xjmCgy0sRUf0UK_5FcB2ukI8I0-Qn9_iCKHkzKPmliCMm6aP7KQlD1pP7vLtDuC5UzmauQ59vc03hEbm94rUYngWQ","text":"ฝากกระดูก\nชื่อ: ทดสอบฝาก กระดูก\nเสียชีวิต: 2026-07-20\nช่อง: 3/12\nญาติ: นายประสิทธิ์ มั่นคง\nเบอร์: 089-999-8888\nหมายเหตุ: อัฐิติดโกศทองเหลือง"},"webhookEventId":"01KYXQSFKX3D63MJAXNK4J6APS","deliveryContext":{"isRedelivery":false},"timestamp":1785556942143,"source":{"type":"user","userId":"U26e1a51d22e8dafd8aeb7bc016728da1"},"replyToken":"ecd1d4f9df03446ebf3b334870b3ea80","mode":"active"}]}
[2026-08-01 11:02:22] Signature verified successfully.
[2026-08-01 11:02:27] Forwarded to Next.js. Response Code: 0, Response: 
